Archive member included to satisfy reference by file (symbol)

app/libapp.a(main.c.obj)      (--whole-archive)
app/libapp.a(io.c.obj)        (--whole-archive)
app/libapp.a(flash_map_extended.c.obj)
                              (--whole-archive)
app/libapp.a(os.c.obj)        (--whole-archive)
app/libapp.a(keys.c.obj)      (--whole-archive)
app/libapp.a(image_validate.c.obj)
                              (--whole-archive)
app/libapp.a(tlv.c.obj)       (--whole-archive)
app/libapp.a(encrypted.c.obj)
                              (--whole-archive)
app/libapp.a(image_rsa.c.obj)
                              (--whole-archive)
app/libapp.a(image_ecdsa.c.obj)
                              (--whole-archive)
app/libapp.a(image_ed25519.c.obj)
                              (--whole-archive)
app/libapp.a(bootutil_misc.c.obj)
                              (--whole-archive)
app/libapp.a(fault_injection_hardening.c.obj)
                              (--whole-archive)
app/libapp.a(loader.c.obj)    (--whole-archive)
app/libapp.a(swap_misc.c.obj)
                              (--whole-archive)
app/libapp.a(swap_scratch.c.obj)
                              (--whole-archive)
app/libapp.a(swap_move.c.obj)
                              (--whole-archive)
app/libapp.a(caps.c.obj)      (--whole-archive)
app/libapp.a(autogen-pubkey.c.obj)
                              (--whole-archive)
app/libapp.a(arm_cleanup.c.obj)
                              (--whole-archive)
app/libapp.a(nrf_cleanup.c.obj)
                              (--whole-archive)
zephyr/libzephyr.a(heap.c.obj)
                              (--whole-archive)
zephyr/libzephyr.a(cbprintf_packaged.c.obj)
                              (--whole-archive)
zephyr/libzephyr.a(printk.c.obj)
                              (--whole-archive)
zephyr/libzephyr.a(sem.c.obj)
                              (--whole-archive)
zephyr/libzephyr.a(thread_entry.c.obj)
                              (--whole-archive)
zephyr/libzephyr.a(cbprintf_nano.c.obj)
                              (--whole-archive)
zephyr/libzephyr.a(cbprintf.c.obj)
                              (--whole-archive)
zephyr/libzephyr.a(assert.c.obj)
                              (--whole-archive)
zephyr/libzephyr.a(dec.c.obj)
                              (--whole-archive)
zephyr/libzephyr.a(hex.c.obj)
                              (--whole-archive)
zephyr/libzephyr.a(rb.c.obj)  (--whole-archive)
zephyr/libzephyr.a(timeutil.c.obj)
                              (--whole-archive)
zephyr/libzephyr.a(bitarray.c.obj)
                              (--whole-archive)
zephyr/libzephyr.a(onoff.c.obj)
                              (--whole-archive)
zephyr/libzephyr.a(notify.c.obj)
                              (--whole-archive)
zephyr/libzephyr.a(configs.c.obj)
                              (--whole-archive)
zephyr/libzephyr.a(log_minimal.c.obj)
                              (--whole-archive)
zephyr/libzephyr.a(flash_map.c.obj)
                              (--whole-archive)
zephyr/libzephyr.a(flash_map_layout.c.obj)
                              (--whole-archive)
zephyr/libzephyr.a(tracing_none.c.obj)
                              (--whole-archive)
zephyr/libzephyr.a(banner.c.obj)
                              (--whole-archive)
zephyr/libzephyr.a(flash_map_partition_manager.c.obj)
                              (--whole-archive)
zephyr/arch/common/libarch__common.a(sw_isr_common.c.obj)
                              (--whole-archive)
zephyr/arch/arch/arm/core/libarch__arm__core.a(fatal.c.obj)
                              (--whole-archive)
zephyr/arch/arch/arm/core/libarch__arm__core.a(nmi.c.obj)
                              (--whole-archive)
zephyr/arch/arch/arm/core/libarch__arm__core.a(nmi_on_reset.S.obj)
                              (--whole-archive)
zephyr/arch/arch/arm/core/cortex_m/libarch__arm__core__cortex_m.a(exc_exit.c.obj)
                              (--whole-archive)
zephyr/arch/arch/arm/core/cortex_m/libarch__arm__core__cortex_m.a(fault.c.obj)
                              (--whole-archive)
zephyr/arch/arch/arm/core/cortex_m/libarch__arm__core__cortex_m.a(fault_s.S.obj)
                              (--whole-archive)
zephyr/arch/arch/arm/core/cortex_m/libarch__arm__core__cortex_m.a(fpu.c.obj)
                              (--whole-archive)
zephyr/arch/arch/arm/core/cortex_m/libarch__arm__core__cortex_m.a(reset.S.obj)
                              (--whole-archive)
zephyr/arch/arch/arm/core/cortex_m/libarch__arm__core__cortex_m.a(scb.c.obj)
                              (--whole-archive)
zephyr/arch/arch/arm/core/cortex_m/libarch__arm__core__cortex_m.a(thread_abort.c.obj)
                              (--whole-archive)
zephyr/arch/arch/arm/core/cortex_m/libarch__arm__core__cortex_m.a(vector_table.S.obj)
                              (--whole-archive)
zephyr/arch/arch/arm/core/cortex_m/libarch__arm__core__cortex_m.a(swap.c.obj)
                              (--whole-archive)
[...]
Memory Configuration

Name             Origin             Length             Attributes
FLASH            0x0000000000000000 0x000000000000c000 xr
RAM              0x0000000020000000 0x0000000000010000 xw
IDT_LIST         0x00000000ffff7fff 0x0000000000008000 xw
*default*        0x0000000000000000 0xffffffffffffffff

Linker script and memory map

LOAD zephyr/CMakeFiles/zephyr_final.dir/misc/empty_file.c.obj
LOAD zephyr/CMakeFiles/zephyr_final.dir/isr_tables.c.obj
LOAD zephyr/CMakeFiles/offsets.dir/./arch/arm/core/offsets/offsets.c.obj
LOAD app/libapp.a
LOAD zephyr/libzephyr.a
LOAD zephyr/arch/common/libarch__common.a
LOAD zephyr/arch/arch/arm/core/libarch__arm__core.a
LOAD zephyr/arch/arch/arm/core/cortex_m/libarch__arm__core__cortex_m.a
LOAD zephyr/lib/libc/minimal/liblib__libc__minimal.a
LOAD zephyr/lib/libc/common/liblib__libc__common.a
LOAD zephyr/soc/soc/nrf52832/libsoc__nordic.a
LOAD zephyr/drivers/clock_control/libdrivers__clock_control.a
LOAD zephyr/drivers/flash/libdrivers__flash.a
LOAD zephyr/drivers/gpio/libdrivers__gpio.a
LOAD zephyr/drivers/timer/libdrivers__timer.a
LOAD modules/nrf/lib/fprotect/lib..__nrf__lib__fprotect.a
LOAD modules/mcuboot/boot/bootutil/zephyr/libmcuboot_util.a
LOAD modules/mbedtls/libmbedTLSBase.a
LOAD modules/mbedtls/libmbedTLSCrypto.a
LOAD modules/mbedtls/libmbedTLSX509.a
LOAD modules/mbedtls/libmodules__mbedtls.a
LOAD modules/hal_nordic/nrfx/libmodules__hal_nordic__nrfx.a
LOAD zephyr/kernel/libkernel.a
LOAD /opt/nordic/ncs/toolchains/f8037e9b83/opt/zephyr-sdk/arm-zephyr-eabi/bin/../lib/gcc/arm-zephyr-eabi/12.2.0/thumb/v7e-m/nofp/libgcc.a
LOAD zephyr/arch/common/libisr_tables.a
LOAD modules/mbedtls/libmbedTLSBase.a
LOAD modules/mbedtls/libmbedTLSCrypto.a
LOAD modules/mbedtls/libmbedTLSX509.a
                0x0000000000000004                _region_min_align = 0x4

.rel.plt        0x0000000000000000        0x0
 *(SORT_BY_ALIGNMENT(.rel.plt))
                [!provide]                        PROVIDE (__rel_iplt_start = .)
 *(SORT_BY_ALIGNMENT(.rel.iplt))
 .rel.iplt      0x0000000000000000        0x0 zephyr/CMakeFiles/zephyr_final.dir/isr_tables.c.obj
                [!provide]                        PROVIDE (__rel_iplt_end = .)

.rela.plt       0x0000000000000000        0x0
 *(SORT_BY_ALIGNMENT(.rela.plt))
                [!provide]                        PROVIDE (__rela_iplt_start = .)
 *(SORT_BY_ALIGNMENT(.rela.iplt))
                [!provide]                        PROVIDE (__rela_iplt_end = .)

.rel.dyn
 *(SORT_BY_ALIGNMENT(.rel.*))

.rela.dyn
 *(SORT_BY_ALIGNMENT(.rela.*))

/DISCARD/
 *(SORT_BY_ALIGNMENT(.plt))

/DISCARD/
 *(SORT_BY_ALIGNMENT(.iplt))
                0x0000000000000000                __rom_region_start = 0x0

rom_start       0x0000000000000000       0xdc
                0x0000000000000000                __rom_start_address = .
 FILL mask 0x00
                0x0000000000000000                . = (. + (0x0 - (. - __rom_start_address)))
                0x0000000000000000                . = ALIGN (0x4)
                0x0000000000000000                . = ALIGN (0x80)
                0x0000000000000000                . = ALIGN (0x100)
                0x0000000000000000                _vector_start = .
 *(SORT_BY_ALIGNMENT(.exc_vector_table))
 *(SORT_BY_ALIGNMENT(.exc_vector_table.*))
 .exc_vector_table._vector_table_section
                0x0000000000000000       0x40 zephyr/arch/arch/arm/core/cortex_m/libarch__arm__core__cortex_m.a(vector_table.S.obj)
                0x0000000000000000                _vector_table
 *(SORT_BY_ALIGNMENT(.vectors))
                0x00000000000000dc                _vector_end = .
                0x0000000000000040                . = ALIGN (0x4)
 *(SORT_BY_ALIGNMENT(.gnu.linkonce.irq_vector_table*))
 .gnu.linkonce.irq_vector_table
                0x0000000000000040       0x9c zephyr/CMakeFiles/zephyr_final.dir/isr_tables.c.obj
                0x0000000000000040                _irq_vector_table
                0x00000000000000dc                _vector_end = .

text            0x00000000000000dc     0x68e0
                0x00000000000000dc                __text_region_start = .
 *(SORT_BY_ALIGNMENT(.text))
 .text          0x00000000000000dc       0x30 /opt/nordic/ncs/toolchains/f8037e9b83/opt/zephyr-sdk/arm-zephyr-eabi/bin/../lib/gcc/arm-zephyr-eabi/12.2.0/thumb/v7e-m/nofp/libgcc.a(_aeabi_uldivmod.o)
                0x00000000000000dc                __aeabi_uldivmod
 .text          0x000000000000010c        0x4 /opt/nordic/ncs/toolchains/f8037e9b83/opt/zephyr-sdk/arm-zephyr-eabi/bin/../lib/gcc/arm-zephyr-eabi/12.2.0/thumb/v7e-m/nofp/libgcc.a(_dvmd_tls.o)
                0x000000000000010c                __aeabi_ldiv0
                0x000000000000010c                __aeabi_idiv0
 .text          0x0000000000000110      0x2a0 /opt/nordic/ncs/toolchains/f8037e9b83/opt/zephyr-sdk/arm-zephyr-eabi/bin/../lib/gcc/arm-zephyr-eabi/12.2.0/thumb/v7e-m/nofp/libgcc.a(_udivmoddi4.o)
                0x0000000000000110                __udivmoddi4
 *(SORT_BY_ALIGNMENT(.text.*))
 .text.main     0x00000000000003b0       0xe0 app/libapp.a(main.c.obj)
                0x00000000000003b0                main
 .text.flash_device_base
                0x0000000000000490       0x20 app/libapp.a(flash_map_extended.c.obj)
                0x0000000000000490                flash_device_base
 .text.flash_area_id_from_multi_image_slot
                0x00000000000004b0       0x24 app/libapp.a(flash_map_extended.c.obj)
                0x00000000000004b0                flash_area_id_from_multi_image_slot
 .text.os_heap_init
                0x00000000000004d4       0x10 app/libapp.a(os.c.obj)
                0x00000000000004d4                os_heap_init
 .text.bootutil_img_validate
                0x00000000000004e4      0x208 app/libapp.a(image_validate.c.obj)
                0x00000000000004e4                bootutil_img_validate
 .text.bootutil_verify_sig
                0x00000000000006ec      0x1e8 app/libapp.a(image_rsa.c.obj)
                0x00000000000006ec                bootutil_verify_sig
 .text.boot_status_entries
                0x00000000000008d4       0x2c app/libapp.a(bootutil_misc.c.obj)
                0x00000000000008d4                boot_status_entries
 .text.boot_find_status
                0x0000000000000900       0x48 app/libapp.a(bootutil_misc.c.obj)
                0x0000000000000900                boot_find_status
 .text.bootutil_max_image_size
                0x0000000000000948       0x2c app/libapp.a(bootutil_misc.c.obj)
                0x0000000000000948                bootutil_max_image_size
 .text.boot_validate_slot.isra.0
                0x0000000000000974      0x100 app/libapp.a(loader.c.obj)
 .text.boot_swap_image.isra.0
                0x0000000000000a74       0x88 app/libapp.a(loader.c.obj)
 .text.boot_copy_region
                0x0000000000000afc       0x84 app/libapp.a(loader.c.obj)
                0x0000000000000afc                boot_copy_region
 .text.context_boot_go
                0x0000000000000b80      0x290 app/libapp.a(loader.c.obj)
                0x0000000000000b80                context_boot_go
 .text.boot_go  0x0000000000000e10       0x20 app/libapp.a(loader.c.obj)
                0x0000000000000e10                boot_go
 .text.swap_set_copy_done
                0x0000000000000e30       0x2c app/libapp.a(swap_misc.c.obj)
                0x0000000000000e30                swap_set_copy_done
 .text.swap_set_image_ok
                0x0000000000000e5c       0x44 app/libapp.a(swap_misc.c.obj)
                0x0000000000000e5c                swap_set_image_ok
 .text.boot_read_image_header
                0x0000000000000ea0       0xcc app/libapp.a(swap_move.c.obj)
                0x0000000000000ea0                boot_read_image_header
 .text.swap_read_status_bytes
                0x0000000000000f6c       0xc8 app/libapp.a(swap_move.c.obj)
                0x0000000000000f6c                swap_read_status_bytes
 .text.boot_slots_compatible
                0x0000000000001034       0x78 app/libapp.a(swap_move.c.obj)
                0x0000000000001034                boot_slots_compatible
 .text.swap_status_source
                0x00000000000010ac       0xcc app/libapp.a(swap_move.c.obj)
                0x00000000000010ac                swap_status_source
 .text.fixup_revert
                0x0000000000001178       0x98 app/libapp.a(swap_move.c.obj)
                0x0000000000001178                fixup_revert
 .text.swap_run
                0x0000000000001210      0x1f0 app/libapp.a(swap_move.c.obj)
                0x0000000000001210                swap_run
 .text.cleanup_arm_nvic
                0x0000000000001400       0x54 app/libapp.a(arm_cleanup.c.obj)
                0x0000000000001400                cleanup_arm_nvic
 .text.z_arm_clear_arm_mpu_config
                0x0000000000001454       0x24 app/libapp.a(arm_cleanup.c.obj)
                0x0000000000001454                z_arm_clear_arm_mpu_config
 .text.nrf_cleanup_peripheral
                0x0000000000001478       0x78 app/libapp.a(nrf_cleanup.c.obj)
                0x0000000000001478                nrf_cleanup_peripheral
 .text.char_out
                0x00000000000014f0        0xc zephyr/libzephyr.a(printk.c.obj)
 .text.vprintk  0x00000000000014fc       0x1c zephyr/libzephyr.a(printk.c.obj)
                0x00000000000014fc                vprintk
 .text.z_cbvprintf_impl
                0x0000000000001518      0x444 zephyr/libzephyr.a(cbprintf_nano.c.obj)
                0x0000000000001518                z_cbvprintf_impl
 .text.process_event
                0x000000000000195c      0x21c zephyr/libzephyr.a(onoff.c.obj)
 .text.flash_area_open
                0x0000000000001b78       0x50 zephyr/libzephyr.a(flash_map.c.obj)
                0x0000000000001b78                flash_area_open
 .text.flash_area_get_sectors
                0x0000000000001bc8       0x60 zephyr/libzephyr.a(flash_map_layout.c.obj)
                0x0000000000001bc8                flash_area_get_sectors
 .text.boot_banner
                0x0000000000001c28       0x24 zephyr/libzephyr.a(banner.c.obj)
                0x0000000000001c28                boot_banner
 .text.z_SysNmiOnReset
                0x0000000000001c4c        0x8 zephyr/arch/arch/arm/core/libarch__arm__core.a(nmi_on_reset.S.obj)
                0x0000000000001c4c                z_SysNmiOnReset
 .text.usage_fault.constprop.0
                0x0000000000001c54       0x54 zephyr/arch/arch/arm/core/cortex_m/libarch__arm__core__cortex_m.a(fault.c.obj)
 .text.bus_fault.constprop.0
                0x0000000000001ca8       0x6c zephyr/arch/arch/arm/core/cortex_m/libarch__arm__core__cortex_m.a(fault.c.obj)
 .text.mem_manage_fault.constprop.0
                0x0000000000001d14       0x78 zephyr/arch/arch/arm/core/cortex_m/libarch__arm__core__cortex_m.a(fault.c.obj)
 .text.z_arm_fault
                0x0000000000001d8c      0x118 zephyr/arch/arch/arm/core/cortex_m/libarch__arm__core__cortex_m.a(fault.c.obj)
                0x0000000000001d8c                z_arm_fault
 .text.z_arm_fault_init
                0x0000000000001ea4       0x10 zephyr/arch/arch/arm/core/cortex_m/libarch__arm__core__cortex_m.a(fault.c.obj)
                0x0000000000001ea4                z_arm_fault_init
 .text.__fault  0x0000000000001eb4       0x14 zephyr/arch/arch/arm/core/cortex_m/libarch__arm__core__cortex_m.a(fault_s.S.obj)
                0x0000000000001eb4                z_arm_bus_fault
                0x0000000000001eb4                z_arm_usage_fault
                0x0000000000001eb4                z_arm_mpu_fault
                0x0000000000001eb4                z_arm_exc_spurious
                0x0000000000001eb4                z_arm_debug_monitor
                0x0000000000001eb4                z_arm_hard_fault
 .text._reset_section
                0x0000000000001ec8       0x54 zephyr/arch/arch/arm/core/cortex_m/libarch__arm__core__cortex_m.a(reset.S.obj)
                0x0000000000001ec8                z_arm_reset
                0x0000000000001ec8                __start
 .text.z_arm_init_arch_hw_at_boot
                0x0000000000001f1c       0x60 zephyr/arch/arch/arm/core/cortex_m/libarch__arm__core__cortex_m.a(scb.c.obj)
                0x0000000000001f1c                z_arm_init_arch_hw_at_boot
 .text.z_arm_svc
                0x0000000000001f7c       0x20 zephyr/arch/arch/arm/core/cortex_m/libarch__arm__core__cortex_m.a(swap_helper.S.obj)
                0x0000000000001f7c                z_arm_svc
 .text.arch_irq_enable
                0x0000000000001f9c       0x1c zephyr/arch/arch/arm/core/cortex_m/libarch__arm__core__cortex_m.a(irq_manage.c.obj)
                0x0000000000001f9c                arch_irq_enable
 .text.arch_irq_disable
                0x0000000000001fb8       0x28 zephyr/arch/arch/arm/core/cortex_m/libarch__arm__core__cortex_m.a(irq_manage.c.obj)
                0x0000000000001fb8                arch_irq_disable
 .text.arch_irq_is_enabled
                0x0000000000001fe0       0x1c zephyr/arch/arch/arm/core/cortex_m/libarch__arm__core__cortex_m.a(irq_manage.c.obj)
                0x0000000000001fe0                arch_irq_is_enabled
 .text.z_arm_irq_priority_set
                0x0000000000001ffc       0x30 zephyr/arch/arch/arm/core/cortex_m/libarch__arm__core__cortex_m.a(irq_manage.c.obj)
                0x0000000000001ffc                z_arm_irq_priority_set
 .text.z_prep_c
                0x000000000000202c       0x38 zephyr/arch/arch/arm/core/cortex_m/libarch__arm__core__cortex_m.a(prep_c.c.obj)
                0x000000000000202c                z_prep_c
 .text.z_arm_switch_to_main_no_multithreading
                0x0000000000002064       0x34 zephyr/arch/arch/arm/core/cortex_m/libarch__arm__core__cortex_m.a(thread.c.obj)
                0x0000000000002064                z_arm_switch_to_main_no_multithreading
 .text.z_arm_cpu_idle_init
                0x0000000000002098        0xc zephyr/arch/arch/arm/core/cortex_m/libarch__arm__core__cortex_m.a(cpu_idle.c.obj)
                0x0000000000002098                z_arm_cpu_idle_init
 .text.z_arm_interrupt_init
                0x00000000000020a4       0x18 zephyr/arch/arch/arm/core/cortex_m/libarch__arm__core__cortex_m.a(irq_init.c.obj)
                0x00000000000020a4                z_arm_interrupt_init
 .text._isr_wrapper
                0x00000000000020bc       0x24 zephyr/arch/arch/arm/core/cortex_m/libarch__arm__core__cortex_m.a(isr_wrapper.c.obj)
                0x00000000000020bc                _isr_wrapper
 .text.nordicsemi_nrf52_init
                0x00000000000020e0       0x18 zephyr/soc/soc/nrf52832/libsoc__nordic.a(soc.c.obj)
 .text.arch_busy_wait
                0x00000000000020f8       0x14 zephyr/soc/soc/nrf52832/libsoc__nordic.a(soc.c.obj)
                0x00000000000020f8                arch_busy_wait
 .text.onoff_stop
                0x000000000000210c       0x30 zephyr/drivers/clock_control/libdrivers__clock_control.a(clock_control_nrf.c.obj)
 .text.onoff_start
                0x000000000000213c       0x44 zephyr/drivers/clock_control/libdrivers__clock_control.a(clock_control_nrf.c.obj)
 .text.clk_init
                0x0000000000002180       0x58 zephyr/drivers/clock_control/libdrivers__clock_control.a(clock_control_nrf.c.obj)
 .text.lfclk_start
                0x00000000000021d8       0x24 zephyr/drivers/clock_control/libdrivers__clock_control.a(clock_control_nrf.c.obj)
 .text.generic_hfclk_stop
                0x00000000000021fc       0x34 zephyr/drivers/clock_control/libdrivers__clock_control.a(clock_control_nrf.c.obj)
 .text.clkstarted_handle.constprop.0
                0x0000000000002230       0x4c zephyr/drivers/clock_control/libdrivers__clock_control.a(clock_control_nrf.c.obj)
 .text.generic_hfclk_start
                0x000000000000227c       0x78 zephyr/drivers/clock_control/libdrivers__clock_control.a(clock_control_nrf.c.obj)
 .text.clock_event_handler
                0x00000000000022f4       0x1c zephyr/drivers/clock_control/libdrivers__clock_control.a(clock_control_nrf.c.obj)
 .text.z_nrf_clock_control_lf_on
                0x0000000000002310       0xf4 zephyr/drivers/clock_control/libdrivers__clock_control.a(clock_control_nrf.c.obj)
                0x0000000000002310                z_nrf_clock_control_lf_on
 .text.flash_nrf_pages_layout
                0x0000000000002404       0x10 zephyr/drivers/flash/libdrivers__flash.a(soc_flash_nrf.c.obj)
 .text.flash_nrf_get_parameters
                0x0000000000002414        0x8 zephyr/drivers/flash/libdrivers__flash.a(soc_flash_nrf.c.obj)
 .text.nrf_flash_init
                0x000000000000241c       0x18 zephyr/drivers/flash/libdrivers__flash.a(soc_flash_nrf.c.obj)
 .text.flash_nrf_write
                0x0000000000002434       0x4c zephyr/drivers/flash/libdrivers__flash.a(soc_flash_nrf.c.obj)
 .text.gpio_nrfx_init
                0x0000000000002480       0x48 zephyr/drivers/gpio/libdrivers__gpio.a(gpio_nrfx.c.obj)
 .text.nrfx_gpio_handler
                0x00000000000024c8       0x3c zephyr/drivers/gpio/libdrivers__gpio.a(gpio_nrfx.c.obj)
 .text.gpio_nrfx_pin_configure
                0x0000000000002504      0x180 zephyr/drivers/gpio/libdrivers__gpio.a(gpio_nrfx.c.obj)
 .text.gpio_nrfx_pin_interrupt_configure
                0x0000000000002684       0xf4 zephyr/drivers/gpio/libdrivers__gpio.a(gpio_nrfx.c.obj)
 .text.compare_int_lock
                0x0000000000002778       0x48 zephyr/drivers/timer/libdrivers__timer.a(nrf_rtc_timer.c.obj)
 .text.sys_clock_timeout_handler
                0x00000000000027c0       0x48 zephyr/drivers/timer/libdrivers__timer.a(nrf_rtc_timer.c.obj)
 .text.compare_int_unlock
                0x0000000000002808       0x5c zephyr/drivers/timer/libdrivers__timer.a(nrf_rtc_timer.c.obj)
 .text.z_nrf_rtc_timer_read
                0x0000000000002864       0x44 zephyr/drivers/timer/libdrivers__timer.a(nrf_rtc_timer.c.obj)
                0x0000000000002864                z_nrf_rtc_timer_read
 .text.compare_set
                0x00000000000028a8      0x130 zephyr/drivers/timer/libdrivers__timer.a(nrf_rtc_timer.c.obj)
 .text.sys_clock_driver_init
                0x00000000000029d8       0x90 zephyr/drivers/timer/libdrivers__timer.a(nrf_rtc_timer.c.obj)
 .text.rtc_nrf_isr
                0x0000000000002a68       0xd4 zephyr/drivers/timer/libdrivers__timer.a(nrf_rtc_timer.c.obj)
                0x0000000000002a68                rtc_nrf_isr
 .text.sys_clock_set_timeout
                0x0000000000002b3c       0x5c zephyr/drivers/timer/libdrivers__timer.a(nrf_rtc_timer.c.obj)
                0x0000000000002b3c                sys_clock_set_timeout
 .text.sys_clock_elapsed
                0x0000000000002b98       0x14 zephyr/drivers/timer/libdrivers__timer.a(nrf_rtc_timer.c.obj)
                0x0000000000002b98                sys_clock_elapsed
 .text.sys_clock_disable
                0x0000000000002bac       0x30 zephyr/drivers/timer/libdrivers__timer.a(nrf_rtc_timer.c.obj)
                0x0000000000002bac                sys_clock_disable
 .text.boot_write_magic
                0x0000000000002bdc       0x40 modules/mcuboot/boot/bootutil/zephyr/libmcuboot_util.a(bootutil_public.c.obj)
                0x0000000000002bdc                boot_write_magic
 .text.boot_read_swap_state
                0x0000000000002c1c       0xac modules/mcuboot/boot/bootutil/zephyr/libmcuboot_util.a(bootutil_public.c.obj)
                0x0000000000002c1c                boot_read_swap_state
 .text.boot_swap_type_multi
                0x0000000000002cc8      0x100 modules/mcuboot/boot/bootutil/zephyr/libmcuboot_util.a(bootutil_public.c.obj)
                0x0000000000002cc8                boot_swap_type_multi
 .text.mbedtls_ct_bool
                0x0000000000002dc8       0x18 modules/mbedtls/libmbedTLSBase.a(bignum_core.c.obj)
 .text.mbedtls_mpi_core_cond_assign
                0x0000000000002de0       0x30 modules/mbedtls/libmbedTLSBase.a(bignum_core.c.obj)
                0x0000000000002de0                mbedtls_mpi_core_cond_assign
 .text.mbedtls_ct_bool
                0x0000000000002e10       0x18 modules/mbedtls/libmbedTLSBase.a(bignum.c.obj)
 .text.mbedtls_mpi_safe_cond_assign
                0x0000000000002e28       0x60 modules/mbedtls/libmbedTLSBase.a(bignum.c.obj)
                0x0000000000002e28                mbedtls_mpi_safe_cond_assign
 .text.mpi_select
                0x0000000000002e88       0x48 modules/mbedtls/libmbedTLSBase.a(bignum.c.obj)
 .text.mbedtls_mpi_div_mpi
                0x0000000000002ed0      0x334 modules/mbedtls/libmbedTLSBase.a(bignum.c.obj)
                0x0000000000002ed0                mbedtls_mpi_div_mpi
 .text.mbedtls_ct_memcpy_if
                0x0000000000003204       0x70 modules/mbedtls/libmbedTLSBase.a(constant_time.c.obj)
                0x0000000000003204                mbedtls_ct_memcpy_if
 .text.mbedtls_md_info_from_type
                0x0000000000003274       0x1c modules/mbedtls/libmbedTLSBase.a(md.c.obj)
                0x0000000000003274                mbedtls_md_info_from_type
 .text.verify_header
                0x0000000000003290       0x40 modules/mbedtls/libmbedTLSBase.a(memory_buffer_alloc.c.obj)
 .text.verify_chain
                0x00000000000032d0       0x3c modules/mbedtls/libmbedTLSBase.a(memory_buffer_alloc.c.obj)
 .text.buffer_alloc_calloc
                0x000000000000330c      0x114 modules/mbedtls/libmbedTLSBase.a(memory_buffer_alloc.c.obj)
 .text.buffer_alloc_free
                0x0000000000003420      0x124 modules/mbedtls/libmbedTLSBase.a(memory_buffer_alloc.c.obj)
 .text.mbedtls_memory_buffer_alloc_init
                0x0000000000003544       0x68 modules/mbedtls/libmbedTLSBase.a(memory_buffer_alloc.c.obj)
                0x0000000000003544                mbedtls_memory_buffer_alloc_init
 .text.mbedtls_platform_zeroize
                0x00000000000035ac       0x18 modules/mbedtls/libmbedTLSBase.a(platform_util.c.obj)
                0x00000000000035ac                mbedtls_platform_zeroize
 .text.mbedtls_calloc
                0x00000000000035c4        0xc modules/mbedtls/libmbedTLSBase.a(platform.c.obj)
                0x00000000000035c4                mbedtls_calloc
 .text.mbedtls_free
                0x00000000000035d0        0xc modules/mbedtls/libmbedTLSBase.a(platform.c.obj)
                0x00000000000035d0                mbedtls_free
 .text.mbedtls_platform_set_calloc_free
                0x00000000000035dc       0x14 modules/mbedtls/libmbedTLSBase.a(platform.c.obj)
                0x00000000000035dc                mbedtls_platform_set_calloc_free
 .text.rsa_check_context.constprop.0
                0x00000000000035f0       0xb8 modules/mbedtls/libmbedTLSBase.a(rsa.c.obj)
 .text.mbedtls_rsa_set_padding
                0x00000000000036a8       0x2c modules/mbedtls/libmbedTLSBase.a(rsa.c.obj)
                0x00000000000036a8                mbedtls_rsa_set_padding
 .text.mbedtls_rsa_check_pubkey
                0x00000000000036d4       0x4c modules/mbedtls/libmbedTLSBase.a(rsa.c.obj)
                0x00000000000036d4                mbedtls_rsa_check_pubkey
 .text.mbedtls_rsa_public
                0x0000000000003720       0x90 modules/mbedtls/libmbedTLSBase.a(rsa.c.obj)
                0x0000000000003720                mbedtls_rsa_public
 .text.mbedtls_sha256_starts
                0x00000000000037b0       0xc8 modules/mbedtls/libmbedTLSBase.a(sha256.c.obj)
                0x00000000000037b0                mbedtls_sha256_starts
 .text.mbedtls_internal_sha256_process
                0x0000000000003878      0x130 modules/mbedtls/libmbedTLSBase.a(sha256.c.obj)
                0x0000000000003878                mbedtls_internal_sha256_process
 .text.nrf52_errata_16
                0x00000000000039a8       0x28 modules/hal_nordic/nrfx/libmodules__hal_nordic__nrfx.a(system_nrf52.c.obj)
 .text.nvmc_wait
                0x00000000000039d0       0x10 modules/hal_nordic/nrfx/libmodules__hal_nordic__nrfx.a(system_nrf52.c.obj)
                0x00000000000039d0                nvmc_wait
 .text.SystemInit
                0x00000000000039e0      0x278 modules/hal_nordic/nrfx/libmodules__hal_nordic__nrfx.a(system_nrf52.c.obj)
                0x00000000000039e0                SystemInit
 .text.nrfx_flag32_alloc
                0x0000000000003c58       0x48 modules/hal_nordic/nrfx/libmodules__hal_nordic__nrfx.a(nrfx_flag32_allocator.c.obj)
                0x0000000000003c58                nrfx_flag32_alloc
 .text.nrfx_flag32_free
                0x0000000000003ca0       0x40 modules/hal_nordic/nrfx/libmodules__hal_nordic__nrfx.a(nrfx_flag32_allocator.c.obj)
                0x0000000000003ca0                nrfx_flag32_free
 .text.clock_stop
                0x0000000000003ce0       0xc4 modules/hal_nordic/nrfx/libmodules__hal_nordic__nrfx.a(nrfx_clock.c.obj)
 .text.nrfx_clock_init
                0x0000000000003da4       0x20 modules/hal_nordic/nrfx/libmodules__hal_nordic__nrfx.a(nrfx_clock.c.obj)
                0x0000000000003da4                nrfx_clock_init
 .text.nrfx_clock_enable
                0x0000000000003dc4       0x24 modules/hal_nordic/nrfx/libmodules__hal_nordic__nrfx.a(nrfx_clock.c.obj)
                0x0000000000003dc4                nrfx_clock_enable
 .text.nrfx_clock_start
                0x0000000000003de8       0xec modules/hal_nordic/nrfx/libmodules__hal_nordic__nrfx.a(nrfx_clock.c.obj)
                0x0000000000003de8                nrfx_clock_start
 .text.nrfx_power_clock_irq_handler
                0x0000000000003ed4       0x68 modules/hal_nordic/nrfx/libmodules__hal_nordic__nrfx.a(nrfx_clock.c.obj)
                0x0000000000003ed4                nrfx_power_clock_irq_handler
 .text.call_handler.constprop.0
                0x0000000000003f3c       0x3c modules/hal_nordic/nrfx/libmodules__hal_nordic__nrfx.a(nrfx_gpiote.c.obj)
 .text.release_handler.isra.0
                0x0000000000003f78       0x54 modules/hal_nordic/nrfx/libmodules__hal_nordic__nrfx.a(nrfx_gpiote.c.obj)
 .text.__nrfy_internal_gpiote_events_process.constprop.0
                0x0000000000003fcc       0x5c modules/hal_nordic/nrfx/libmodules__hal_nordic__nrfx.a(nrfx_gpiote.c.obj)
 .text.pin_trigger_disable
                0x0000000000004028       0x40 modules/hal_nordic/nrfx/libmodules__hal_nordic__nrfx.a(nrfx_gpiote.c.obj)
 .text.pin_uninit
                0x0000000000004068       0x74 modules/hal_nordic/nrfx/libmodules__hal_nordic__nrfx.a(nrfx_gpiote.c.obj)
 .text.nrfx_gpiote_input_configure
                0x00000000000040dc      0x160 modules/hal_nordic/nrfx/libmodules__hal_nordic__nrfx.a(nrfx_gpiote.c.obj)
                0x00000000000040dc                nrfx_gpiote_input_configure
 .text.nrfx_gpiote_output_configure
                0x000000000000423c       0xec modules/hal_nordic/nrfx/libmodules__hal_nordic__nrfx.a(nrfx_gpiote.c.obj)
                0x000000000000423c                nrfx_gpiote_output_configure
 .text.nrfx_gpiote_global_callback_set
                0x0000000000004328        0xc modules/hal_nordic/nrfx/libmodules__hal_nordic__nrfx.a(nrfx_gpiote.c.obj)
                0x0000000000004328                nrfx_gpiote_global_callback_set
 .text.nrfx_gpiote_channel_get
                0x0000000000004334       0x24 modules/hal_nordic/nrfx/libmodules__hal_nordic__nrfx.a(nrfx_gpiote.c.obj)
                0x0000000000004334                nrfx_gpiote_channel_get
 .text.nrfx_gpiote_init
                0x0000000000004358       0x68 modules/hal_nordic/nrfx/libmodules__hal_nordic__nrfx.a(nrfx_gpiote.c.obj)
                0x0000000000004358                nrfx_gpiote_init
 .text.nrfx_gpiote_init_check
                0x00000000000043c0       0x14 modules/hal_nordic/nrfx/libmodules__hal_nordic__nrfx.a(nrfx_gpiote.c.obj)
                0x00000000000043c0                nrfx_gpiote_init_check
 .text.nrfx_gpiote_channel_free
                0x00000000000043d4        0xc modules/hal_nordic/nrfx/libmodules__hal_nordic__nrfx.a(nrfx_gpiote.c.obj)
                0x00000000000043d4                nrfx_gpiote_channel_free
 .text.nrfx_gpiote_channel_alloc
                0x00000000000043e0        0xc modules/hal_nordic/nrfx/libmodules__hal_nordic__nrfx.a(nrfx_gpiote.c.obj)
                0x00000000000043e0                nrfx_gpiote_channel_alloc
 .text.nrfx_gpiote_trigger_enable
                0x00000000000043ec       0x94 modules/hal_nordic/nrfx/libmodules__hal_nordic__nrfx.a(nrfx_gpiote.c.obj)
                0x00000000000043ec                nrfx_gpiote_trigger_enable
 .text.nrfx_gpiote_0_irq_handler
                0x0000000000004480      0x160 modules/hal_nordic/nrfx/libmodules__hal_nordic__nrfx.a(nrfx_gpiote.c.obj)
                0x0000000000004480                nrfx_gpiote_0_irq_handler
 .text.nvmc_word_write
                0x00000000000045e0       0x18 modules/hal_nordic/nrfx/libmodules__hal_nordic__nrfx.a(nrfx_nvmc.c.obj)
 .text.nrfx_nvmc_page_erase
                0x00000000000045f8       0x40 modules/hal_nordic/nrfx/libmodules__hal_nordic__nrfx.a(nrfx_nvmc.c.obj)
                0x00000000000045f8                nrfx_nvmc_page_erase
 .text.nrfx_nvmc_word_write
                0x0000000000004638       0x1c modules/hal_nordic/nrfx/libmodules__hal_nordic__nrfx.a(nrfx_nvmc.c.obj)
                0x0000000000004638                nrfx_nvmc_word_write
 .text.z_sys_init_run_level
                0x0000000000004654       0x2c zephyr/kernel/libkernel.a(init.c.obj)
 .text.bg_thread_main
                0x0000000000004680       0x30 zephyr/kernel/libkernel.a(init.c.obj)
 .text.z_bss_zero
                0x00000000000046b0       0x18 zephyr/kernel/libkernel.a(init.c.obj)
                0x00000000000046b0                z_bss_zero
 .text.z_cstart
                0x00000000000046c8       0x70 zephyr/kernel/libkernel.a(init.c.obj)
                0x00000000000046c8                z_cstart
 .text.z_data_copy
                0x0000000000004738       0x34 zephyr/kernel/libkernel.a(xip.c.obj)
                0x0000000000004738                z_data_copy
 .text.elapsed  0x000000000000476c       0x14 zephyr/kernel/libkernel.a(timeout.c.obj)
 .text.remove_timeout
                0x0000000000004780       0x38 zephyr/kernel/libkernel.a(timeout.c.obj)
 .text.next_timeout
                0x00000000000047b8       0x40 zephyr/kernel/libkernel.a(timeout.c.obj)
 .text.sys_clock_announce
                0x00000000000047f8       0xcc zephyr/kernel/libkernel.a(timeout.c.obj)
                0x00000000000047f8                sys_clock_announce
 .text._OffsetAbsSyms
                0x00000000000048c4        0x2 zephyr/CMakeFiles/offsets.dir/./arch/arm/core/offsets/offsets.c.obj
                0x00000000000048c4                _OffsetAbsSyms
 .text.flash_area_get_device_id
                0x00000000000048c6        0x4 app/libapp.a(flash_map_extended.c.obj)
                0x00000000000048c6                flash_area_get_device_id
 .text.flash_area_get_sector
                0x00000000000048ca       0x32 app/libapp.a(flash_map_extended.c.obj)
                0x00000000000048ca                flash_area_get_sector
 .text.bootutil_tlv_iter_begin
                0x00000000000048fc       0x9c app/libapp.a(tlv.c.obj)
                0x00000000000048fc                bootutil_tlv_iter_begin
 .text.bootutil_tlv_iter_next
                0x0000000000004998       0x98 app/libapp.a(tlv.c.obj)
                0x0000000000004998                bootutil_tlv_iter_next
 .text.bootutil_tlv_iter_is_prot
                0x0000000000004a30       0x1c app/libapp.a(tlv.c.obj)
                0x0000000000004a30                bootutil_tlv_iter_is_prot
 .text.boot_fih_memequal
                0x0000000000004a4c        0x4 app/libapp.a(bootutil_misc.c.obj)
                0x0000000000004a4c                boot_fih_memequal
 .text.boot_trailer_sz
                0x0000000000004a50        0xa app/libapp.a(bootutil_misc.c.obj)
                0x0000000000004a50                boot_trailer_sz
 .text.boot_status_off
                0x0000000000004a5a       0x16 app/libapp.a(bootutil_misc.c.obj)
                0x0000000000004a5a                boot_status_off
 .text.boot_read_swap_size
                0x0000000000004a70       0x1c app/libapp.a(bootutil_misc.c.obj)
                0x0000000000004a70                boot_read_swap_size
 .text.boot_write_swap_size
                0x0000000000004a8c       0x1e app/libapp.a(bootutil_misc.c.obj)
                0x0000000000004a8c                boot_write_swap_size
 .text.boot_read_image_headers
                0x0000000000004aaa       0x2c app/libapp.a(loader.c.obj)
 .text.boot_read_image_size.constprop.0.isra.0
                0x0000000000004ad6       0x82 app/libapp.a(loader.c.obj)
 .text.boot_read_sectors
                0x0000000000004b58       0x42 app/libapp.a(loader.c.obj)
 .text.boot_status_reset
                0x0000000000004b9a       0x12 app/libapp.a(loader.c.obj)
                0x0000000000004b9a                boot_status_reset
 .text.boot_status_is_reset
                0x0000000000004bac       0x1a app/libapp.a(loader.c.obj)
                0x0000000000004bac                boot_status_is_reset
 .text.boot_write_status
                0x0000000000004bc6       0x64 app/libapp.a(loader.c.obj)
                0x0000000000004bc6                boot_write_status
 .text.boot_erase_region
                0x0000000000004c2a        0x4 app/libapp.a(loader.c.obj)
                0x0000000000004c2a                boot_erase_region
 .text.swap_erase_trailer_sectors
                0x0000000000004c2e       0x6c app/libapp.a(swap_misc.c.obj)
                0x0000000000004c2e                swap_erase_trailer_sectors
 .text.swap_status_init
                0x0000000000004c9a       0x3e app/libapp.a(swap_misc.c.obj)
                0x0000000000004c9a                swap_status_init
 .text.swap_read_status
                0x0000000000004cd8       0x78 app/libapp.a(swap_misc.c.obj)
                0x0000000000004cd8                swap_read_status
 .text.app_max_sectors
                0x0000000000004d50       0x22 app/libapp.a(swap_move.c.obj)
 .text.find_last_idx
                0x0000000000004d72       0x14 app/libapp.a(swap_move.c.obj)
                0x0000000000004d72                find_last_idx
 .text.boot_status_internal_off
                0x0000000000004d86       0x26 app/libapp.a(swap_move.c.obj)
                0x0000000000004d86                boot_status_internal_off
 .text.arch_printk_char_out
                0x0000000000004dac        0x4 zephyr/libzephyr.a(printk.c.obj)
                0x0000000000004dac                arch_printk_char_out
 .text.printk   0x0000000000004db0       0x1a zephyr/libzephyr.a(printk.c.obj)
                0x0000000000004db0                printk
 .text.process_recheck
                0x0000000000004dca       0x38 zephyr/libzephyr.a(onoff.c.obj)
 .text.validate_args
                0x0000000000004e02       0x20 zephyr/libzephyr.a(onoff.c.obj)
 .text.notify_one
                0x0000000000004e22       0x2c zephyr/libzephyr.a(onoff.c.obj)
 .text.transition_complete
                0x0000000000004e4e       0x1a zephyr/libzephyr.a(onoff.c.obj)
 .text.onoff_manager_init
                0x0000000000004e68       0x26 zephyr/libzephyr.a(onoff.c.obj)
                0x0000000000004e68                onoff_manager_init
 .text.onoff_request
                0x0000000000004e8e       0xae zephyr/libzephyr.a(onoff.c.obj)
                0x0000000000004e8e                onoff_request
 .text.sys_notify_validate
                0x0000000000004f3c       0x22 zephyr/libzephyr.a(notify.c.obj)
                0x0000000000004f3c                sys_notify_validate
 .text.sys_notify_finalize
                0x0000000000004f5e       0x1a zephyr/libzephyr.a(notify.c.obj)
                0x0000000000004f5e                sys_notify_finalize
 .text._ConfigAbsSyms
                0x0000000000004f78        0x2 zephyr/libzephyr.a(configs.c.obj)
                0x0000000000004f78                _ConfigAbsSyms
 .text.z_log_minimal_printk
                0x0000000000004f7a       0x1a zephyr/libzephyr.a(log_minimal.c.obj)
                0x0000000000004f7a                z_log_minimal_printk
 .text.flash_area_close
                0x0000000000004f94        0x2 zephyr/libzephyr.a(flash_map.c.obj)
                0x0000000000004f94                flash_area_close
 .text.flash_area_read
                0x0000000000004f96       0x2a zephyr/libzephyr.a(flash_map.c.obj)
                0x0000000000004f96                flash_area_read
 .text.flash_area_write
                0x0000000000004fc0       0x2a zephyr/libzephyr.a(flash_map.c.obj)
                0x0000000000004fc0                flash_area_write
 .text.flash_area_erase
                0x0000000000004fea       0x28 zephyr/libzephyr.a(flash_map.c.obj)
                0x0000000000004fea                flash_area_erase
 .text.flash_area_align
                0x0000000000005012        0xe zephyr/libzephyr.a(flash_map.c.obj)
                0x0000000000005012                flash_area_align
 .text.flash_area_erased_val
                0x0000000000005020        0xe zephyr/libzephyr.a(flash_map.c.obj)
                0x0000000000005020                flash_area_erased_val
 .text.get_sectors_cb
                0x000000000000502e       0x44 zephyr/libzephyr.a(flash_map_layout.c.obj)
 .text.z_arm_fatal_error
                0x0000000000005072        0xc zephyr/arch/arch/arm/core/libarch__arm__core.a(fatal.c.obj)
                0x0000000000005072                z_arm_fatal_error
 .text.z_do_kernel_oops
                0x000000000000507e        0x8 zephyr/arch/arch/arm/core/libarch__arm__core.a(fatal.c.obj)
                0x000000000000507e                z_do_kernel_oops
 .text.z_arm_nmi
                0x0000000000005086        0xe zephyr/arch/arch/arm/core/libarch__arm__core.a(nmi.c.obj)
                0x0000000000005086                z_arm_nmi
 .text._HandlerModeExit
                0x0000000000005094        0x2 zephyr/arch/arch/arm/core/cortex_m/libarch__arm__core__cortex_m.a(exc_exit.c.obj)
                0x0000000000005094                z_arm_exc_exit
                0x0000000000005094                z_arm_int_exit
 .text.z_irq_spurious
                0x0000000000005096        0x8 zephyr/arch/arch/arm/core/cortex_m/libarch__arm__core__cortex_m.a(irq_manage.c.obj)
                0x0000000000005096                z_irq_spurious
 .text.arch_irq_unlock_outlined
                0x000000000000509e        0xe zephyr/arch/arch/arm/core/cortex_m/libarch__arm__core__cortex_m.a(thread.c.obj)
                0x000000000000509e                arch_irq_unlock_outlined
 .text.arch_irq_lock_outlined
                0x00000000000050ac       0x10 zephyr/arch/arch/arm/core/cortex_m/libarch__arm__core__cortex_m.a(thread.c.obj)
                0x00000000000050ac                arch_irq_lock_outlined
 .text.arch_cpu_atomic_idle
                0x00000000000050bc       0x1e zephyr/arch/arch/arm/core/cortex_m/libarch__arm__core__cortex_m.a(cpu_idle.c.obj)
                0x00000000000050bc                arch_cpu_atomic_idle
 .text.strlen   0x00000000000050da        0xe zephyr/lib/libc/minimal/liblib__libc__minimal.a(string.c.obj)
                0x00000000000050da                strlen
 .text.memcmp   0x00000000000050e8       0x20 zephyr/lib/libc/minimal/liblib__libc__minimal.a(string.c.obj)
                0x00000000000050e8                memcmp
 .text.memcpy   0x0000000000005108       0x16 zephyr/lib/libc/minimal/liblib__libc__minimal.a(string.c.obj)
                0x0000000000005108                memcpy
 .text.memset   0x000000000000511e       0x12 zephyr/lib/libc/minimal/liblib__libc__minimal.a(string.c.obj)
                0x000000000000511e                memset
 .text.get_status
                0x0000000000005130       0x12 zephyr/drivers/clock_control/libdrivers__clock_control.a(clock_control_nrf.c.obj)
 .text.stop     0x0000000000005142       0x50 zephyr/drivers/clock_control/libdrivers__clock_control.a(clock_control_nrf.c.obj)
 .text.api_stop
                0x0000000000005192        0x6 zephyr/drivers/clock_control/libdrivers__clock_control.a(clock_control_nrf.c.obj)
 .text.async_start
                0x0000000000005198       0x5a zephyr/drivers/clock_control/libdrivers__clock_control.a(clock_control_nrf.c.obj)
 .text.api_start
                0x00000000000051f2        0xe zephyr/drivers/clock_control/libdrivers__clock_control.a(clock_control_nrf.c.obj)
 .text.api_blocking_start
                0x0000000000005200        0x6 zephyr/drivers/clock_control/libdrivers__clock_control.a(clock_control_nrf.c.obj)
 .text.onoff_started_callback
                0x0000000000005206       0x12 zephyr/drivers/clock_control/libdrivers__clock_control.a(clock_control_nrf.c.obj)
 .text.lfclk_stop
                0x0000000000005218        0x6 zephyr/drivers/clock_control/libdrivers__clock_control.a(clock_control_nrf.c.obj)
 .text.is_regular_addr_valid
                0x000000000000521e       0x22 zephyr/drivers/flash/libdrivers__flash.a(soc_flash_nrf.c.obj)
 .text.flash_nrf_erase
                0x0000000000005240       0x4c zephyr/drivers/flash/libdrivers__flash.a(soc_flash_nrf.c.obj)
 .text.flash_nrf_read
                0x000000000000528c       0x28 zephyr/drivers/flash/libdrivers__flash.a(soc_flash_nrf.c.obj)
 .text.flash_get_page_info
                0x00000000000052b4       0x62 zephyr/drivers/flash/libdrivers__flash.a(flash_page_layout.c.obj)
 .text.z_impl_flash_get_page_info_by_offs
                0x0000000000005316        0x8 zephyr/drivers/flash/libdrivers__flash.a(flash_page_layout.c.obj)
                0x0000000000005316                z_impl_flash_get_page_info_by_offs
 .text.flash_page_foreach
                0x000000000000531e       0x58 zephyr/drivers/flash/libdrivers__flash.a(flash_page_layout.c.obj)
                0x000000000000531e                flash_page_foreach
 .text.gpio_nrfx_port_get_raw
                0x0000000000005376        0xe zephyr/drivers/gpio/libdrivers__gpio.a(gpio_nrfx.c.obj)
 .text.gpio_nrfx_port_set_masked_raw
                0x0000000000005384       0x18 zephyr/drivers/gpio/libdrivers__gpio.a(gpio_nrfx.c.obj)
 .text.gpio_nrfx_port_set_bits_raw
                0x000000000000539c        0xc zephyr/drivers/gpio/libdrivers__gpio.a(gpio_nrfx.c.obj)
 .text.gpio_nrfx_port_clear_bits_raw
                0x00000000000053a8        0xc zephyr/drivers/gpio/libdrivers__gpio.a(gpio_nrfx.c.obj)
 .text.gpio_nrfx_port_toggle_bits
                0x00000000000053b4       0x1a zephyr/drivers/gpio/libdrivers__gpio.a(gpio_nrfx.c.obj)
 .text.gpio_nrfx_manage_callback
                0x00000000000053ce       0x52 zephyr/drivers/gpio/libdrivers__gpio.a(gpio_nrfx.c.obj)
 .text.event_clear
                0x0000000000005420       0x18 zephyr/drivers/timer/libdrivers__timer.a(nrf_rtc_timer.c.obj)
 .text.fprotect_area
                0x0000000000005438       0x86 modules/nrf/lib/fprotect/lib..__nrf__lib__fprotect.a(fprotect_bprot.c.obj)
                0x0000000000005438                fprotect_area
 .text.boot_swap_info_off
                0x00000000000054be        0xc modules/mcuboot/boot/bootutil/zephyr/libmcuboot_util.a(bootutil_public.c.obj)
                0x00000000000054be                boot_swap_info_off
 .text.boot_magic_compatible_check
                0x00000000000054ca       0x1c modules/mcuboot/boot/bootutil/zephyr/libmcuboot_util.a(bootutil_public.c.obj)
                0x00000000000054ca                boot_magic_compatible_check
 .text.bootutil_buffer_is_erased
                0x00000000000054e6       0x26 modules/mcuboot/boot/bootutil/zephyr/libmcuboot_util.a(bootutil_public.c.obj)
                0x00000000000054e6                bootutil_buffer_is_erased
 .text.boot_read_flag
                0x000000000000550c       0x38 modules/mcuboot/boot/bootutil/zephyr/libmcuboot_util.a(bootutil_public.c.obj)
 .text.boot_write_trailer
                0x0000000000005544       0x58 modules/mcuboot/boot/bootutil/zephyr/libmcuboot_util.a(bootutil_public.c.obj)
                0x0000000000005544                boot_write_trailer
 .text.boot_write_trailer_flag
                0x000000000000559c       0x14 modules/mcuboot/boot/bootutil/zephyr/libmcuboot_util.a(bootutil_public.c.obj)
                0x000000000000559c                boot_write_trailer_flag
 .text.boot_write_image_ok
                0x00000000000055b0        0xe modules/mcuboot/boot/bootutil/zephyr/libmcuboot_util.a(bootutil_public.c.obj)
                0x00000000000055b0                boot_write_image_ok
 .text.boot_read_image_ok
                0x00000000000055be        0xc modules/mcuboot/boot/bootutil/zephyr/libmcuboot_util.a(bootutil_public.c.obj)
                0x00000000000055be                boot_read_image_ok
 .text.boot_read_swap_state_by_id
                0x00000000000055ca       0x28 modules/mcuboot/boot/bootutil/zephyr/libmcuboot_util.a(bootutil_public.c.obj)
                0x00000000000055ca                boot_read_swap_state_by_id
 .text.boot_write_swap_info
                0x00000000000055f2       0x22 modules/mcuboot/boot/bootutil/zephyr/libmcuboot_util.a(bootutil_public.c.obj)
                0x00000000000055f2                boot_write_swap_info
 .text.boot_write_copy_done
                0x0000000000005614       0x10 modules/mcuboot/boot/bootutil/zephyr/libmcuboot_util.a(bootutil_public.c.obj)
                0x0000000000005614                boot_write_copy_done
 .text.mbedtls_asn1_get_len
                0x0000000000005624       0x68 modules/mbedtls/libmbedTLSBase.a(asn1parse.c.obj)
                0x0000000000005624                mbedtls_asn1_get_len
 .text.mbedtls_asn1_get_tag
                0x000000000000568c       0x28 modules/mbedtls/libmbedTLSBase.a(asn1parse.c.obj)
                0x000000000000568c                mbedtls_asn1_get_tag
 .text.mbedtls_asn1_get_mpi
                0x00000000000056b4       0x26 modules/mbedtls/libmbedTLSBase.a(asn1parse.c.obj)
                0x00000000000056b4                mbedtls_asn1_get_mpi
 .text.mbedtls_mpi_core_bitlen
                0x00000000000056da       0x1e modules/mbedtls/libmbedTLSBase.a(bignum_core.c.obj)
                0x00000000000056da                mbedtls_mpi_core_bitlen
 .text.mbedtls_mpi_core_bigendian_to_host
                0x00000000000056f8       0x26 modules/mbedtls/libmbedTLSBase.a(bignum_core.c.obj)
                0x00000000000056f8                mbedtls_mpi_core_bigendian_to_host
 .text.mbedtls_mpi_core_read_be
                0x000000000000571e       0x4a modules/mbedtls/libmbedTLSBase.a(bignum_core.c.obj)
                0x000000000000571e                mbedtls_mpi_core_read_be
 .text.mbedtls_mpi_core_write_be
                0x0000000000005768       0x64 modules/mbedtls/libmbedTLSBase.a(bignum_core.c.obj)
                0x0000000000005768                mbedtls_mpi_core_write_be
 .text.mbedtls_mpi_core_shift_r
                0x00000000000057cc       0x74 modules/mbedtls/libmbedTLSBase.a(bignum_core.c.obj)
                0x00000000000057cc                mbedtls_mpi_core_shift_r
 .text.mbedtls_mpi_core_shift_l
                0x0000000000005840       0x6c modules/mbedtls/libmbedTLSBase.a(bignum_core.c.obj)
                0x0000000000005840                mbedtls_mpi_core_shift_l
 .text.mbedtls_mpi_core_add
                0x00000000000058ac       0x2c modules/mbedtls/libmbedTLSBase.a(bignum_core.c.obj)
                0x00000000000058ac                mbedtls_mpi_core_add
 .text.mbedtls_mpi_core_sub
                0x00000000000058d8       0x3a modules/mbedtls/libmbedTLSBase.a(bignum_core.c.obj)
                0x00000000000058d8                mbedtls_mpi_core_sub
 .text.mbedtls_mpi_core_mla
                0x0000000000005912      0x178 modules/mbedtls/libmbedTLSBase.a(bignum_core.c.obj)
                0x0000000000005912                mbedtls_mpi_core_mla
 .text.mbedtls_mpi_core_montmul_init
                0x0000000000005a8a       0x22 modules/mbedtls/libmbedTLSBase.a(bignum_core.c.obj)
                0x0000000000005a8a                mbedtls_mpi_core_montmul_init
 .text.mbedtls_mpi_core_montmul
                0x0000000000005aac       0x96 modules/mbedtls/libmbedTLSBase.a(bignum_core.c.obj)
                0x0000000000005aac                mbedtls_mpi_core_montmul
 .text.mbedtls_mpi_core_sub_int
                0x0000000000005b42       0x22 modules/mbedtls/libmbedTLSBase.a(bignum_core.c.obj)
                0x0000000000005b42                mbedtls_mpi_core_sub_int
 .text.mpi_montmul.isra.0
                0x0000000000005b64       0x1e modules/mbedtls/libmbedTLSBase.a(bignum.c.obj)
 .text.mbedtls_mpi_init
                0x0000000000005b82        0xa modules/mbedtls/libmbedTLSBase.a(bignum.c.obj)
                0x0000000000005b82                mbedtls_mpi_init
 .text.mbedtls_mpi_free
                0x0000000000005b8c       0x1c modules/mbedtls/libmbedTLSBase.a(bignum.c.obj)
                0x0000000000005b8c                mbedtls_mpi_free
 .text.mbedtls_mpi_grow
                0x0000000000005ba8       0x48 modules/mbedtls/libmbedTLSBase.a(bignum.c.obj)
                0x0000000000005ba8                mbedtls_mpi_grow
 .text.mbedtls_mpi_resize_clear
                0x0000000000005bf0       0x36 modules/mbedtls/libmbedTLSBase.a(bignum.c.obj)
 .text.mbedtls_mpi_copy
                0x0000000000005c26       0x6a modules/mbedtls/libmbedTLSBase.a(bignum.c.obj)
                0x0000000000005c26                mbedtls_mpi_copy
 .text.mbedtls_mpi_lset
                0x0000000000005c90       0x38 modules/mbedtls/libmbedTLSBase.a(bignum.c.obj)
                0x0000000000005c90                mbedtls_mpi_lset
 .text.mbedtls_mpi_get_bit
                0x0000000000005cc8       0x20 modules/mbedtls/libmbedTLSBase.a(bignum.c.obj)
                0x0000000000005cc8                mbedtls_mpi_get_bit
 .text.mbedtls_mpi_bitlen
                0x0000000000005ce8        0x8 modules/mbedtls/libmbedTLSBase.a(bignum.c.obj)
                0x0000000000005ce8                mbedtls_mpi_bitlen
 .text.mbedtls_mpi_size
                0x0000000000005cf0        0xc modules/mbedtls/libmbedTLSBase.a(bignum.c.obj)
                0x0000000000005cf0                mbedtls_mpi_size
 .text.mbedtls_mpi_read_binary
                0x0000000000005cfc       0x2c modules/mbedtls/libmbedTLSBase.a(bignum.c.obj)
                0x0000000000005cfc                mbedtls_mpi_read_binary
 .text.mbedtls_mpi_write_binary
                0x0000000000005d28        0xc modules/mbedtls/libmbedTLSBase.a(bignum.c.obj)
                0x0000000000005d28                mbedtls_mpi_write_binary
 .text.mbedtls_mpi_shift_l
                0x0000000000005d34       0x3a modules/mbedtls/libmbedTLSBase.a(bignum.c.obj)
                0x0000000000005d34                mbedtls_mpi_shift_l
 .text.mbedtls_mpi_shift_r
                0x0000000000005d6e       0x12 modules/mbedtls/libmbedTLSBase.a(bignum.c.obj)
                0x0000000000005d6e                mbedtls_mpi_shift_r
 .text.mbedtls_mpi_cmp_abs
                0x0000000000005d80       0x5e modules/mbedtls/libmbedTLSBase.a(bignum.c.obj)
                0x0000000000005d80                mbedtls_mpi_cmp_abs
 .text.mbedtls_mpi_cmp_mpi
                0x0000000000005dde       0x90 modules/mbedtls/libmbedTLSBase.a(bignum.c.obj)
                0x0000000000005dde                mbedtls_mpi_cmp_mpi
 .text.mbedtls_mpi_cmp_int
                0x0000000000005e6e       0x30 modules/mbedtls/libmbedTLSBase.a(bignum.c.obj)
                0x0000000000005e6e                mbedtls_mpi_cmp_int
 .text.mbedtls_mpi_add_abs
                0x0000000000005e9e       0x92 modules/mbedtls/libmbedTLSBase.a(bignum.c.obj)
                0x0000000000005e9e                mbedtls_mpi_add_abs
 .text.mbedtls_mpi_sub_abs
                0x0000000000005f30       0xa2 modules/mbedtls/libmbedTLSBase.a(bignum.c.obj)
                0x0000000000005f30                mbedtls_mpi_sub_abs
 .text.add_sub_mpi
                0x0000000000005fd2       0x62 modules/mbedtls/libmbedTLSBase.a(bignum.c.obj)
 .text.mbedtls_mpi_add_mpi
                0x0000000000006034        0x6 modules/mbedtls/libmbedTLSBase.a(bignum.c.obj)
                0x0000000000006034                mbedtls_mpi_add_mpi
 .text.mbedtls_mpi_sub_mpi
                0x000000000000603a        0x8 modules/mbedtls/libmbedTLSBase.a(bignum.c.obj)
                0x000000000000603a                mbedtls_mpi_sub_mpi
 .text.mbedtls_mpi_mul_int
                0x0000000000006042       0x62 modules/mbedtls/libmbedTLSBase.a(bignum.c.obj)
                0x0000000000006042                mbedtls_mpi_mul_int
 .text.mbedtls_mpi_mod_mpi
                0x00000000000060a4       0x64 modules/mbedtls/libmbedTLSBase.a(bignum.c.obj)
                0x00000000000060a4                mbedtls_mpi_mod_mpi
 .text.mbedtls_mpi_exp_mod
                0x0000000000006108      0x400 modules/mbedtls/libmbedTLSBase.a(bignum.c.obj)
                0x0000000000006108                mbedtls_mpi_exp_mod
 .text.mbedtls_get_unaligned_uint32
                0x0000000000006508       0x16 modules/mbedtls/libmbedTLSBase.a(platform_util.c.obj)
                0x0000000000006508                mbedtls_get_unaligned_uint32
 .text.mbedtls_put_unaligned_uint32
                0x000000000000651e       0x14 modules/mbedtls/libmbedTLSBase.a(platform_util.c.obj)
                0x000000000000651e                mbedtls_put_unaligned_uint32
 .text.mbedtls_zeroize_and_free
                0x0000000000006532       0x14 modules/mbedtls/libmbedTLSBase.a(platform_util.c.obj)
                0x0000000000006532                mbedtls_zeroize_and_free
 .text.platform_calloc_uninit
                0x0000000000006546        0x4 modules/mbedtls/libmbedTLSBase.a(platform.c.obj)
 .text.platform_exit_uninit
                0x000000000000654a        0x2 modules/mbedtls/libmbedTLSBase.a(platform.c.obj)
 .text.platform_free_uninit
                0x000000000000654c        0x2 modules/mbedtls/libmbedTLSBase.a(platform.c.obj)
 .text.mbedtls_rsa_import
                0x000000000000654e       0x86 modules/mbedtls/libmbedTLSBase.a(rsa.c.obj)
                0x000000000000654e                mbedtls_rsa_import
 .text.mbedtls_rsa_init
                0x00000000000065d4       0x14 modules/mbedtls/libmbedTLSBase.a(rsa.c.obj)
                0x00000000000065d4                mbedtls_rsa_init
 .text.mbedtls_rsa_get_len
                0x00000000000065e8        0x4 modules/mbedtls/libmbedTLSBase.a(rsa.c.obj)
                0x00000000000065e8                mbedtls_rsa_get_len
 .text.mbedtls_rsa_free
                0x00000000000065ec       0x72 modules/mbedtls/libmbedTLSBase.a(rsa.c.obj)
                0x00000000000065ec                mbedtls_rsa_free
 .text.mbedtls_bswap32
                0x000000000000665e        0x4 modules/mbedtls/libmbedTLSBase.a(sha256.c.obj)
 .text.mbedtls_sha256_init
                0x0000000000006662        0x8 modules/mbedtls/libmbedTLSBase.a(sha256.c.obj)
                0x0000000000006662                mbedtls_sha256_init
 .text.mbedtls_sha256_free
                0x000000000000666a        0xa modules/mbedtls/libmbedTLSBase.a(sha256.c.obj)
                0x000000000000666a                mbedtls_sha256_free
 .text.mbedtls_sha256_update
                0x0000000000006674       0x7e modules/mbedtls/libmbedTLSBase.a(sha256.c.obj)
                0x0000000000006674                mbedtls_sha256_update
 .text.mbedtls_sha256_finish
                0x00000000000066f2      0x104 modules/mbedtls/libmbedTLSBase.a(sha256.c.obj)
                0x00000000000066f2                mbedtls_sha256_finish
 .text._mbedtls_init
                0x00000000000067f6        0x4 modules/mbedtls/libmbedTLSBase.a(zephyr_init.c.obj)
 .text.nrf52_errata_12
                0x00000000000067fa       0x1c modules/hal_nordic/nrfx/libmodules__hal_nordic__nrfx.a(system_nrf52.c.obj)
 .text.nrfx_isr
                0x0000000000006816        0x2 modules/hal_nordic/nrfx/libmodules__hal_nordic__nrfx.a(nrfx_glue.c.obj)
                0x0000000000006816                nrfx_isr
 .text.nrfx_busy_wait
                0x0000000000006818        0x4 modules/hal_nordic/nrfx/libmodules__hal_nordic__nrfx.a(nrfx_glue.c.obj)
                0x0000000000006818                nrfx_busy_wait
 .text.nrfx_clock_stop
                0x000000000000681c        0x4 modules/hal_nordic/nrfx/libmodules__hal_nordic__nrfx.a(nrfx_clock.c.obj)
                0x000000000000681c                nrfx_clock_stop
 .text.nrf_gpio_pin_port_decode
                0x0000000000006820       0x14 modules/hal_nordic/nrfx/libmodules__hal_nordic__nrfx.a(nrfx_gpiote.c.obj)
 .text.nrf_gpio_reconfigure
                0x0000000000006834       0x92 modules/hal_nordic/nrfx/libmodules__hal_nordic__nrfx.a(nrfx_gpiote.c.obj)
 .text.nrf_gpio_cfg_sense_set
                0x00000000000068c6       0x1e modules/hal_nordic/nrfx/libmodules__hal_nordic__nrfx.a(nrfx_gpiote.c.obj)
 .text.latch_pending_read_and_check
                0x00000000000068e4       0x1c modules/hal_nordic/nrfx/libmodules__hal_nordic__nrfx.a(nrfx_gpiote.c.obj)
 .text.nrfx_gpiote_pin_uninit
                0x0000000000006900        0x4 modules/hal_nordic/nrfx/libmodules__hal_nordic__nrfx.a(nrfx_gpiote.c.obj)
                0x0000000000006900                nrfx_gpiote_pin_uninit
 .text.nrfx_gpiote_trigger_disable
                0x0000000000006904        0x4 modules/hal_nordic/nrfx/libmodules__hal_nordic__nrfx.a(nrfx_gpiote.c.obj)
                0x0000000000006904                nrfx_gpiote_trigger_disable
 .text.nrfx_nvmc_flash_size_get
                0x0000000000006908        0xc modules/hal_nordic/nrfx/libmodules__hal_nordic__nrfx.a(nrfx_nvmc.c.obj)
                0x0000000000006908                nrfx_nvmc_flash_size_get
 .text.nrfx_nvmc_flash_page_size_get
                0x0000000000006914        0x8 modules/hal_nordic/nrfx/libmodules__hal_nordic__nrfx.a(nrfx_nvmc.c.obj)
                0x0000000000006914                nrfx_nvmc_flash_page_size_get
 .text.nrfx_nvmc_flash_page_count_get
                0x000000000000691c        0x8 modules/hal_nordic/nrfx/libmodules__hal_nordic__nrfx.a(nrfx_nvmc.c.obj)
                0x000000000000691c                nrfx_nvmc_flash_page_count_get
 .text.z_impl_k_busy_wait
                0x0000000000006924        0x8 zephyr/kernel/libkernel.a(busy_wait.c.obj)
                0x0000000000006924                z_impl_k_busy_wait
 .text.z_device_state_init
                0x000000000000692c        0x2 zephyr/kernel/libkernel.a(device.c.obj)
                0x000000000000692c                z_device_state_init
 .text.z_device_is_ready
                0x000000000000692e       0x16 zephyr/kernel/libkernel.a(device.c.obj)
                0x000000000000692e                z_device_is_ready
 .text.arch_system_halt
                0x0000000000006944       0x10 zephyr/kernel/libkernel.a(fatal.c.obj)
                0x0000000000006944                arch_system_halt
 .text.k_sys_fatal_error_handler
                0x0000000000006954        0x6 zephyr/kernel/libkernel.a(fatal.c.obj)
                0x0000000000006954                k_sys_fatal_error_handler
 .text.z_fatal_error
                0x000000000000695a       0x1e zephyr/kernel/libkernel.a(fatal.c.obj)
                0x000000000000695a                z_fatal_error
 .text.do_device_init
                0x0000000000006978       0x30 zephyr/kernel/libkernel.a(init.c.obj)
 .text.z_early_memset
                0x00000000000069a8        0x4 zephyr/kernel/libkernel.a(init.c.obj)
                0x00000000000069a8                z_early_memset
 .text.z_early_memcpy
                0x00000000000069ac        0x4 zephyr/kernel/libkernel.a(init.c.obj)
                0x00000000000069ac                z_early_memcpy
 .text.k_is_in_isr
                0x00000000000069b0        0xc zephyr/kernel/libkernel.a(nothread.c.obj)
                0x00000000000069b0                k_is_in_isr
 *(SORT_BY_ALIGNMENT(.TEXT.*))
 *(SORT_BY_ALIGNMENT(.gnu.linkonce.t.*))
 *(SORT_BY_ALIGNMENT(.glue_7t))
 .glue_7t       0x00000000000069bc        0x0 linker stubs
 *(SORT_BY_ALIGNMENT(.glue_7))
 .glue_7        0x00000000000069bc        0x0 linker stubs
 *(SORT_BY_ALIGNMENT(.vfp11_veneer))
 .vfp11_veneer  0x00000000000069bc        0x0 linker stubs
 *(SORT_BY_ALIGNMENT(.v4_bx))
 .v4_bx         0x00000000000069bc        0x0 linker stubs
                0x00000000000069bc                . = ALIGN (0x4)
                0x00000000000069bc                __text_region_end = .

.ARM.exidx      0x00000000000069bc        0x8
                0x00000000000069bc                __exidx_start = .
 *(SORT_BY_ALIGNMENT(.ARM.exidx*) SORT_BY_ALIGNMENT(gnu.linkonce.armexidx.*))
 .ARM.exidx     0x00000000000069bc        0x8 /opt/nordic/ncs/toolchains/f8037e9b83/opt/zephyr-sdk/arm-zephyr-eabi/bin/../lib/gcc/arm-zephyr-eabi/12.2.0/thumb/v7e-m/nofp/libgcc.a(_udivmoddi4.o)
                0x00000000000069c4                __exidx_end = .
                0x00000000000069c4                __rodata_region_start = .

initlevel       0x00000000000069c4       0x30
                0x00000000000069c4                __init_start = .
                0x00000000000069c4                __init_EARLY_start = .
 *(SORT_BY_NAME(SORT_BY_ALIGNMENT(.z_init_EARLY?_*)))
 *(SORT_BY_NAME(SORT_BY_ALIGNMENT(.z_init_EARLY??_*)))
                0x00000000000069c4                __init_PRE_KERNEL_1_start = .
 *(SORT_BY_NAME(SORT_BY_ALIGNMENT(.z_init_PRE_KERNEL_1?_*)))
 .z_init_PRE_KERNEL_10_0_
                0x00000000000069c4        0x8 zephyr/soc/soc/nrf52832/libsoc__nordic.a(soc.c.obj)
 *(SORT_BY_NAME(SORT_BY_ALIGNMENT(.z_init_PRE_KERNEL_1??_*)))
 .z_init_PRE_KERNEL_130_00022_
                0x00000000000069cc        0x8 zephyr/drivers/clock_control/libdrivers__clock_control.a(clock_control_nrf.c.obj)
 .z_init_PRE_KERNEL_140_00010_
                0x00000000000069d4        0x8 zephyr/drivers/gpio/libdrivers__gpio.a(gpio_nrfx.c.obj)
                0x00000000000069dc                __init_PRE_KERNEL_2_start = .
 *(SORT_BY_NAME(SORT_BY_ALIGNMENT(.z_init_PRE_KERNEL_2?_*)))
 .z_init_PRE_KERNEL_20_0_
                0x00000000000069dc        0x8 zephyr/drivers/timer/libdrivers__timer.a(nrf_rtc_timer.c.obj)
 *(SORT_BY_NAME(SORT_BY_ALIGNMENT(.z_init_PRE_KERNEL_2??_*)))
                0x00000000000069e4                __init_POST_KERNEL_start = .
 *(SORT_BY_NAME(SORT_BY_ALIGNMENT(.z_init_POST_KERNEL?_*)))
 .z_init_POST_KERNEL0_0_
                0x00000000000069e4        0x8 modules/mbedtls/libmbedTLSBase.a(zephyr_init.c.obj)
 *(SORT_BY_NAME(SORT_BY_ALIGNMENT(.z_init_POST_KERNEL??_*)))
 .z_init_POST_KERNEL50_00061_
                0x00000000000069ec        0x8 zephyr/drivers/flash/libdrivers__flash.a(soc_flash_nrf.c.obj)
                0x00000000000069f4                __init_APPLICATION_start = .
 *(SORT_BY_NAME(SORT_BY_ALIGNMENT(.z_init_APPLICATION?_*)))
 *(SORT_BY_NAME(SORT_BY_ALIGNMENT(.z_init_APPLICATION??_*)))
                0x00000000000069f4                __init_SMP_start = .
 *(SORT_BY_NAME(SORT_BY_ALIGNMENT(.z_init_SMP?_*)))
 *(SORT_BY_NAME(SORT_BY_ALIGNMENT(.z_init_SMP??_*)))
                0x00000000000069f4                __init_end = .
                0x00000000000069f4                __deferred_init_list_start = .
 *(SORT_BY_ALIGNMENT(.z_deferred_init))
                0x00000000000069f4                __deferred_init_list_end = .

device_area     0x00000000000069f4       0x3c
                0x00000000000069f4                _device_list_start = .
 *(SORT_BY_NAME(SORT_BY_ALIGNMENT(._device.static.*_?_*)))
 *(SORT_BY_NAME(SORT_BY_ALIGNMENT(._device.static.*_??_*)))
 ._device.static.1_30_
                0x00000000000069f4       0x14 zephyr/drivers/clock_control/libdrivers__clock_control.a(clock_control_nrf.c.obj)
                0x00000000000069f4                __device_dts_ord_22
 ._device.static.1_40_
                0x0000000000006a08       0x14 zephyr/drivers/gpio/libdrivers__gpio.a(gpio_nrfx.c.obj)
                0x0000000000006a08                __device_dts_ord_10
 ._device.static.3_50_
                0x0000000000006a1c       0x14 zephyr/drivers/flash/libdrivers__flash.a(soc_flash_nrf.c.obj)
                0x0000000000006a1c                __device_dts_ord_61
                0x0000000000006a30                _device_list_end = .

sw_isr_table    0x0000000000006a30      0x138
                0x0000000000006a30                . = ALIGN (0x4)
 *(SORT_BY_ALIGNMENT(.gnu.linkonce.sw_isr_table*))
 .gnu.linkonce.sw_isr_table
                0x0000000000006a30      0x138 zephyr/CMakeFiles/zephyr_final.dir/isr_tables.c.obj
                0x0000000000006a30                _sw_isr_table

initlevel_error
                0x00000000000069c4        0x0
 *(SORT_BY_NAME(SORT_BY_ALIGNMENT(.z_init_[_A-Z0-9]*)))
                0x0000000000000001                ASSERT ((SIZEOF (initlevel_error) == 0x0), Undefined initialization levels used.)

app_shmem_regions
                0x0000000000006b68        0x0
                0x0000000000006b68                __app_shmem_regions_start = .
 *(SORT_BY_NAME(SORT_BY_ALIGNMENT(.app_regions.*)))
                0x0000000000006b68                __app_shmem_regions_end = .

k_p4wq_initparam_area
                0x0000000000006b68        0x0
                0x0000000000006b68                _k_p4wq_initparam_list_start = .
 *(SORT_BY_NAME(SORT_BY_ALIGNMENT(._k_p4wq_initparam.static.*)))
                0x0000000000006b68                _k_p4wq_initparam_list_end = .

_static_thread_data_area
                0x0000000000006b68        0x0
                0x0000000000006b68                __static_thread_data_list_start = .
 *(SORT_BY_NAME(SORT_BY_ALIGNMENT(.__static_thread_data.static.*)))
                0x0000000000006b68                __static_thread_data_list_end = .

device_deps     0x0000000000006b68        0x0
                0x0000000000006b68                __device_deps_start = .
 *(SORT_BY_NAME(SORT_BY_ALIGNMENT(.__device_deps_pass2*)))
                0x0000000000006b68                __device_deps_end = .

ztest           0x0000000000006b68        0x0
                0x0000000000006b68                _ztest_expected_result_entry_list_start = .
 *(SORT_BY_NAME(SORT_BY_ALIGNMENT(._ztest_expected_result_entry.static.*)))
                0x0000000000006b68                _ztest_expected_result_entry_list_end = .
                0x0000000000006b68                _ztest_suite_node_list_start = .
 *(SORT_BY_NAME(SORT_BY_ALIGNMENT(._ztest_suite_node.static.*)))
                0x0000000000006b68                _ztest_suite_node_list_end = .
                0x0000000000006b68                _ztest_unit_test_list_start = .
 *(SORT_BY_NAME(SORT_BY_ALIGNMENT(._ztest_unit_test.static.*)))
                0x0000000000006b68                _ztest_unit_test_list_end = .
                0x0000000000006b68                _ztest_test_rule_list_start = .
 *(SORT_BY_NAME(SORT_BY_ALIGNMENT(._ztest_test_rule.static.*)))
                0x0000000000006b68                _ztest_test_rule_list_end = .

bt_l2cap_fixed_chan_area
                0x0000000000006b68        0x0
                0x0000000000006b68                _bt_l2cap_fixed_chan_list_start = .
 *(SORT_BY_NAME(SORT_BY_ALIGNMENT(._bt_l2cap_fixed_chan.static.*)))
                0x0000000000006b68                _bt_l2cap_fixed_chan_list_end = .

bt_gatt_service_static_area
                0x0000000000006b68        0x0
                0x0000000000006b68                _bt_gatt_service_static_list_start = .
 *(SORT_BY_NAME(SORT_BY_ALIGNMENT(._bt_gatt_service_static.static.*)))
                0x0000000000006b68                _bt_gatt_service_static_list_end = .

log_strings_area
                0x0000000000006b68        0x0
                0x0000000000006b68                _log_strings_list_start = .
 *(SORT_BY_NAME(SORT_BY_ALIGNMENT(._log_strings.static.*)))
                0x0000000000006b68                _log_strings_list_end = .

log_const_area  0x0000000000006b68        0x8
                0x0000000000006b68                _log_const_list_start = .
 *(SORT_BY_NAME(SORT_BY_ALIGNMENT(._log_const.static.*)))
 ._log_const.static.log_const_mcuboot_
                0x0000000000006b68        0x8 app/libapp.a(main.c.obj)
                0x0000000000006b68                log_const_mcuboot
                0x0000000000006b70                _log_const_list_end = .

log_backend_area
                0x0000000000006b70        0x0
                0x0000000000006b70                _log_backend_list_start = .
 *(SORT_BY_NAME(SORT_BY_ALIGNMENT(._log_backend.static.*)))
                0x0000000000006b70                _log_backend_list_end = .

log_link_area   0x0000000000006b70        0x0
                0x0000000000006b70                _log_link_list_start = .
 *(SORT_BY_NAME(SORT_BY_ALIGNMENT(._log_link.static.*)))
                0x0000000000006b70                _log_link_list_end = .

tracing_backend_area
                0x0000000000006b70        0x0
                0x0000000000006b70                _tracing_backend_list_start = .
 *(SORT_BY_NAME(SORT_BY_ALIGNMENT(._tracing_backend.static.*)))
                0x0000000000006b70                _tracing_backend_list_end = .

zephyr_dbg_info
 *(SORT_BY_ALIGNMENT(.dbg_thread_info))

symbol_to_keep  0x0000000000006b70        0x0
                0x0000000000006b70                __symbol_to_keep_start = .
 *(SORT_BY_NAME(SORT_BY_ALIGNMENT(.symbol_to_keep*)))
                0x0000000000006b70                __symbol_to_keep_end = .

shell_area      0x0000000000006b70        0x0
                0x0000000000006b70                _shell_list_start = .
 *(SORT_BY_NAME(SORT_BY_ALIGNMENT(._shell.static.*)))
                0x0000000000006b70                _shell_list_end = .

shell_root_cmds_area
                0x0000000000006b70        0x0
                0x0000000000006b70                _shell_root_cmds_list_start = .
 *(SORT_BY_NAME(SORT_BY_ALIGNMENT(._shell_root_cmds.static.*)))
                0x0000000000006b70                _shell_root_cmds_list_end = .

shell_subcmds_area
                0x0000000000006b70        0x0
                0x0000000000006b70                _shell_subcmds_list_start = .
 *(SORT_BY_NAME(SORT_BY_ALIGNMENT(._shell_subcmds.static.*)))
                0x0000000000006b70                _shell_subcmds_list_end = .

shell_dynamic_subcmds_area
                0x0000000000006b70        0x0
                0x0000000000006b70                _shell_dynamic_subcmds_list_start = .
 *(SORT_BY_NAME(SORT_BY_ALIGNMENT(._shell_dynamic_subcmds.static.*)))
                0x0000000000006b70                _shell_dynamic_subcmds_list_end = .

cfb_font_area   0x0000000000006b70        0x0
                0x0000000000006b70                _cfb_font_list_start = .
 *(SORT_BY_NAME(SORT_BY_ALIGNMENT(._cfb_font.static.*)))
                0x0000000000006b70                _cfb_font_list_end = .

rodata          0x0000000000006b70      0x9e0
 *(SORT_BY_ALIGNMENT(.rodata))
 *(SORT_BY_ALIGNMENT(.rodata.*))
 .rodata.delay_machine_code.0
                0x0000000000006b70        0x6 zephyr/soc/soc/nrf52832/libsoc__nordic.a(soc.c.obj)
 *fill*         0x0000000000006b76        0x2 
 .rodata.all_slots.0
                0x0000000000006b78        0x8 app/libapp.a(flash_map_extended.c.obj)
 .rodata.bootutil_key_cnt
                0x0000000000006b80        0x4 app/libapp.a(keys.c.obj)
                0x0000000000006b80                bootutil_key_cnt
 .rodata.bootutil_keys
                0x0000000000006b84        0x8 app/libapp.a(keys.c.obj)
                0x0000000000006b84                bootutil_keys
 .rodata.all_slots.0
                0x0000000000006b8c        0x8 app/libapp.a(bootutil_misc.c.obj)
 .rodata.all_slots.0
                0x0000000000006b94        0x8 app/libapp.a(swap_misc.c.obj)
 .rodata.rsa_pub_key_len
                0x0000000000006b9c        0x4 app/libapp.a(autogen-pubkey.c.obj)
                0x0000000000006b9c                rsa_pub_key_len
 .rodata.flash_map_entries
                0x0000000000006ba0        0x4 zephyr/libzephyr.a(flash_map_partition_manager.c.obj)
                0x0000000000006ba0                flash_map_entries
 .rodata.default_flash_map
                0x0000000000006ba4       0x60 zephyr/libzephyr.a(flash_map_partition_manager.c.obj)
                0x0000000000006ba4                default_flash_map
 .rodata.transitions.0
                0x0000000000006c04        0xc zephyr/drivers/clock_control/libdrivers__clock_control.a(clock_control_nrf.c.obj)
 .rodata.config
                0x0000000000006c10       0x18 zephyr/drivers/clock_control/libdrivers__clock_control.a(clock_control_nrf.c.obj)
 .rodata.clock_control_api
                0x0000000000006c28       0x1c zephyr/drivers/clock_control/libdrivers__clock_control.a(clock_control_nrf.c.obj)
 .rodata.flash_nrf_api
                0x0000000000006c44       0x14 zephyr/drivers/flash/libdrivers__flash.a(soc_flash_nrf.c.obj)
 .rodata.flash_nrf_parameters
                0x0000000000006c58        0x8 zephyr/drivers/flash/libdrivers__flash.a(soc_flash_nrf.c.obj)
 .rodata.gpio_nrfx_p0_cfg
                0x0000000000006c60       0x18 zephyr/drivers/gpio/libdrivers__gpio.a(gpio_nrfx.c.obj)
 .rodata.gpio_nrfx_drv_api_funcs
                0x0000000000006c78       0x24 zephyr/drivers/gpio/libdrivers__gpio.a(gpio_nrfx.c.obj)
 .rodata.all_slots.0
                0x0000000000006c9c        0x8 modules/mcuboot/boot/bootutil/zephyr/libmcuboot_util.a(bootutil_public.c.obj)
 .rodata.K      0x0000000000006ca4      0x100 modules/mbedtls/libmbedTLSBase.a(sha256.c.obj)
 .rodata.levels.0
                0x0000000000006da4       0x18 zephyr/kernel/libkernel.a(init.c.obj)
 .rodata.allowed_unprot_tlvs
                0x0000000000006dbc       0x1c app/libapp.a(image_validate.c.obj)
 .rodata.boot_img_magic
                0x0000000000006dd8       0x10 modules/mcuboot/boot/bootutil/zephyr/libmcuboot_util.a(bootutil_public.c.obj)
                0x0000000000006dd8                boot_img_magic
 .rodata.main.str1.1
                0x0000000000006de8       0xde app/libapp.a(main.c.obj)
 .rodata.str1.1
                0x0000000000006ec6        0x8 app/libapp.a(main.c.obj)
 .rodata.flash_device_base.str1.1
                0x0000000000006ece       0x26 app/libapp.a(flash_map_extended.c.obj)
 .rodata.pss_zeros
                0x0000000000006ef4        0x8 app/libapp.a(image_rsa.c.obj)
 .rodata.bootutil_max_image_size.str1.1
                0x0000000000006efc       0x3b app/libapp.a(bootutil_misc.c.obj)
 .rodata.boot_validate_slot.isra.0.str1.1
                0x0000000000006f37       0x3a app/libapp.a(loader.c.obj)
 .rodata.boot_swap_image.isra.0.str1.1
                0x0000000000006f71       0x2f app/libapp.a(loader.c.obj)
 .rodata.context_boot_go.str1.1
                0x0000000000006fa0       0xf1 app/libapp.a(loader.c.obj)
 .rodata.swap_read_status_bytes.str1.1
                0x0000000000007091       0x23 app/libapp.a(swap_move.c.obj)
 .rodata.boot_slots_compatible.str1.1
                0x00000000000070b4       0x93 app/libapp.a(swap_move.c.obj)
 .rodata.swap_status_source.str1.1
                0x0000000000007147       0xa4 app/libapp.a(swap_move.c.obj)
 .rodata.swap_run.str1.1
                0x00000000000071eb       0x89 app/libapp.a(swap_move.c.obj)
 .rodata.rsa_pub_key
                0x0000000000007274      0x10e app/libapp.a(autogen-pubkey.c.obj)
                0x0000000000007274                rsa_pub_key
 .rodata.z_cbvprintf_impl.str1.1
                0x0000000000007382       0x12 zephyr/libzephyr.a(cbprintf_nano.c.obj)
                                         0x13 (size before relaxing)
 .rodata.boot_banner.str1.1
                0x0000000000007394       0x92 zephyr/libzephyr.a(banner.c.obj)
 .rodata.str1.1
                0x0000000000007426       0x1b zephyr/drivers/clock_control/libdrivers__clock_control.a(clock_control_nrf.c.obj)
 .rodata.str1.1
                0x0000000000007441       0x1a zephyr/drivers/flash/libdrivers__flash.a(soc_flash_nrf.c.obj)
 .rodata.str1.1
                0x000000000000745b        0xe zephyr/drivers/gpio/libdrivers__gpio.a(gpio_nrfx.c.obj)
 .rodata.boot_swap_type_multi.str1.1
                0x0000000000007469       0xb8 modules/mcuboot/boot/bootutil/zephyr/libmcuboot_util.a(bootutil_public.c.obj)
 .rodata.boot_swap_tables
                0x0000000000007521       0x12 modules/mcuboot/boot/bootutil/zephyr/libmcuboot_util.a(bootutil_public.c.obj)
 .rodata.mbedtls_sha256_info
                0x0000000000007533        0x3 modules/mbedtls/libmbedTLSBase.a(md.c.obj)
 .rodata.mbedtls_sha224_info
                0x0000000000007536        0x3 modules/mbedtls/libmbedTLSBase.a(md.c.obj)
 .rodata.CSWTCH.20
                0x0000000000007539        0x5 modules/hal_nordic/nrfx/libmodules__hal_nordic__nrfx.a(system_nrf52.c.obj)
 .rodata.CSWTCH.18
                0x000000000000753e        0x5 modules/hal_nordic/nrfx/libmodules__hal_nordic__nrfx.a(system_nrf52.c.obj)
 .rodata.CSWTCH.14
                0x0000000000007543        0x5 modules/hal_nordic/nrfx/libmodules__hal_nordic__nrfx.a(system_nrf52.c.obj)
 .rodata.CSWTCH.4
                0x0000000000007548        0x5 modules/hal_nordic/nrfx/libmodules__hal_nordic__nrfx.a(system_nrf52.c.obj)
 *(SORT_BY_ALIGNMENT(.gnu.linkonce.r.*))
                0x0000000000007550                . = ALIGN (0x4)
 *fill*         0x000000000000754d        0x3 
                0x0000000000007550                __rodata_region_end = .
                0x0000000000007550                . = ALIGN (_region_min_align)
                0x0000000000007550                __rom_region_end = ((__rom_region_start + .) - ADDR (rom_start))

/DISCARD/
 *(SORT_BY_ALIGNMENT(.got.plt))
 *(SORT_BY_ALIGNMENT(.igot.plt))
 *(SORT_BY_ALIGNMENT(.got))
 *(SORT_BY_ALIGNMENT(.igot))
                0x0000000020000000                . = 0x20000000
                0x0000000020000000                . = ALIGN (_region_min_align)
                0x0000000020000000                _image_ram_start = .

.ramfunc        0x0000000020000000        0x0 load address 0x0000000000007550
                0x0000000020000000                . = ALIGN (_region_min_align)
                0x0000000020000000                __ramfunc_start = .
 *(SORT_BY_ALIGNMENT(.ramfunc))
 *(SORT_BY_ALIGNMENT(.ramfunc.*))
                0x0000000020000000                . = ALIGN (_region_min_align)
                0x0000000020000000                __ramfunc_end = .
                0x0000000000000000                __ramfunc_size = (__ramfunc_end - __ramfunc_start)
                0x0000000000007550                __ramfunc_load_start = LOADADDR (.ramfunc)

datas           0x0000000020000000       0x8c load address 0x0000000000007550
                0x0000000020000000                __data_region_start = .
                0x0000000020000000                __data_start = .
 *(SORT_BY_ALIGNMENT(.data))
 *(SORT_BY_ALIGNMENT(.data.*))
 .data.FIH_NO_BOOTABLE_IMAGE
                0x0000000020000000        0x4 app/libapp.a(fault_injection_hardening.c.obj)
                0x0000000020000000                FIH_NO_BOOTABLE_IMAGE
 .data.FIH_FAILURE
                0x0000000020000004        0x4 app/libapp.a(fault_injection_hardening.c.obj)
                0x0000000020000004                FIH_FAILURE
 .data._char_out
                0x0000000020000008        0x4 zephyr/libzephyr.a(printk.c.obj)
                0x0000000020000008                _char_out
 .data.flash_map
                0x000000002000000c        0x4 zephyr/libzephyr.a(flash_map_partition_manager.c.obj)
                0x000000002000000c                flash_map
 .data.memset_func
                0x0000000020000010        0x4 modules/mbedtls/libmbedTLSBase.a(platform_util.c.obj)
                0x0000000020000010                memset_func
 .data.mbedtls_exit
                0x0000000020000014        0x4 modules/mbedtls/libmbedTLSBase.a(platform.c.obj)
                0x0000000020000014                mbedtls_exit
 .data.mbedtls_free_func
                0x0000000020000018        0x4 modules/mbedtls/libmbedTLSBase.a(platform.c.obj)
                0x0000000020000018                mbedtls_free_func
 .data.mbedtls_calloc_func
                0x000000002000001c        0x4 modules/mbedtls/libmbedTLSBase.a(platform.c.obj)
                0x000000002000001c                mbedtls_calloc_func
 .data.m_cb     0x0000000020000020       0x64 modules/hal_nordic/nrfx/libmodules__hal_nordic__nrfx.a(nrfx_gpiote.c.obj)
 .data.timeout_list
                0x0000000020000084        0x8 zephyr/kernel/libkernel.a(timeout.c.obj)
 *(SORT_BY_ALIGNMENT(.kernel.*))
                0x000000002000008c                __data_end = .
                0x000000000000008c                __data_size = (__data_end - __data_start)
                0x0000000000007550                __data_load_start = LOADADDR (datas)
                0x0000000000007550                __data_region_load_start = LOADADDR (datas)

device_states   0x000000002000008c        0x6 load address 0x00000000000075dc
                0x000000002000008c                __device_states_start = .
 *(SORT_BY_ALIGNMENT(.z_devstate))
 .z_devstate    0x000000002000008c        0x2 zephyr/drivers/clock_control/libdrivers__clock_control.a(clock_control_nrf.c.obj)
 .z_devstate    0x000000002000008e        0x2 zephyr/drivers/flash/libdrivers__flash.a(soc_flash_nrf.c.obj)
 .z_devstate    0x0000000020000090        0x2 zephyr/drivers/gpio/libdrivers__gpio.a(gpio_nrfx.c.obj)
 *(SORT_BY_ALIGNMENT(.z_devstate.*))
                0x0000000020000092                __device_states_end = .

log_mpsc_pbuf_area
                0x0000000020000092        0x0 load address 0x00000000000075e2
                0x0000000020000092                _log_mpsc_pbuf_list_start = .
 *(SORT_BY_NAME(SORT_BY_ALIGNMENT(._log_mpsc_pbuf.static.*)))
                0x0000000020000092                _log_mpsc_pbuf_list_end = .

log_msg_ptr_area
                0x0000000020000092        0x0 load address 0x00000000000075e2
                0x0000000020000092                _log_msg_ptr_list_start = .
 *(SORT_BY_NAME(SORT_BY_ALIGNMENT(._log_msg_ptr.static.*)))
                0x0000000020000092                _log_msg_ptr_list_end = .

log_dynamic_area
                0x0000000020000092        0x0 load address 0x00000000000075e2
                0x0000000020000092                _log_dynamic_list_start = .
 *(SORT_BY_NAME(SORT_BY_ALIGNMENT(._log_dynamic.static.*)))
                0x0000000020000092                _log_dynamic_list_end = .

k_timer_area    0x0000000020000092        0x0 load address 0x00000000000075e2
                0x0000000020000092                _k_timer_list_start = .
 *(SORT_BY_NAME(SORT_BY_ALIGNMENT(._k_timer.static.*)))
                0x0000000020000092                _k_timer_list_end = .

k_mem_slab_area
                0x0000000020000092        0x0 load address 0x00000000000075e2
                0x0000000020000092                _k_mem_slab_list_start = .
 *(SORT_BY_NAME(SORT_BY_ALIGNMENT(._k_mem_slab.static.*)))
                0x0000000020000092                _k_mem_slab_list_end = .

k_heap_area     0x0000000020000092        0x0 load address 0x00000000000075e2
                0x0000000020000092                _k_heap_list_start = .
 *(SORT_BY_NAME(SORT_BY_ALIGNMENT(._k_heap.static.*)))
                0x0000000020000092                _k_heap_list_end = .

k_mutex_area    0x0000000020000092        0x0 load address 0x00000000000075e2
                0x0000000020000092                _k_mutex_list_start = .
 *(SORT_BY_NAME(SORT_BY_ALIGNMENT(._k_mutex.static.*)))
                0x0000000020000092                _k_mutex_list_end = .

k_stack_area    0x0000000020000092        0x0 load address 0x00000000000075e2
                0x0000000020000092                _k_stack_list_start = .
 *(SORT_BY_NAME(SORT_BY_ALIGNMENT(._k_stack.static.*)))
                0x0000000020000092                _k_stack_list_end = .

k_msgq_area     0x0000000020000092        0x0 load address 0x00000000000075e2
                0x0000000020000092                _k_msgq_list_start = .
 *(SORT_BY_NAME(SORT_BY_ALIGNMENT(._k_msgq.static.*)))
                0x0000000020000092                _k_msgq_list_end = .

k_mbox_area     0x0000000020000092        0x0 load address 0x00000000000075e2
                0x0000000020000092                _k_mbox_list_start = .
 *(SORT_BY_NAME(SORT_BY_ALIGNMENT(._k_mbox.static.*)))
                0x0000000020000092                _k_mbox_list_end = .

k_pipe_area     0x0000000020000092        0x0 load address 0x00000000000075e2
                0x0000000020000092                _k_pipe_list_start = .
 *(SORT_BY_NAME(SORT_BY_ALIGNMENT(._k_pipe.static.*)))
                0x0000000020000092                _k_pipe_list_end = .

k_sem_area      0x0000000020000092        0x0 load address 0x00000000000075e2
                0x0000000020000092                _k_sem_list_start = .
 *(SORT_BY_NAME(SORT_BY_ALIGNMENT(._k_sem.static.*)))
                0x0000000020000092                _k_sem_list_end = .

k_event_area    0x0000000020000092        0x0 load address 0x00000000000075e2
                0x0000000020000092                _k_event_list_start = .
 *(SORT_BY_NAME(SORT_BY_ALIGNMENT(._k_event.static.*)))
                0x0000000020000092                _k_event_list_end = .

k_queue_area    0x0000000020000092        0x0 load address 0x00000000000075e2
                0x0000000020000092                _k_queue_list_start = .
 *(SORT_BY_NAME(SORT_BY_ALIGNMENT(._k_queue.static.*)))
                0x0000000020000092                _k_queue_list_end = .

k_fifo_area     0x0000000020000092        0x0 load address 0x00000000000075e2
                0x0000000020000092                _k_fifo_list_start = .
 *(SORT_BY_NAME(SORT_BY_ALIGNMENT(._k_fifo.static.*)))
                0x0000000020000092                _k_fifo_list_end = .

k_lifo_area     0x0000000020000092        0x0 load address 0x00000000000075e2
                0x0000000020000092                _k_lifo_list_start = .
 *(SORT_BY_NAME(SORT_BY_ALIGNMENT(._k_lifo.static.*)))
                0x0000000020000092                _k_lifo_list_end = .

k_condvar_area  0x0000000020000092        0x0 load address 0x00000000000075e2
                0x0000000020000092                _k_condvar_list_start = .
 *(SORT_BY_NAME(SORT_BY_ALIGNMENT(._k_condvar.static.*)))
                0x0000000020000092                _k_condvar_list_end = .

sys_mem_blocks_ptr_area
                0x0000000020000092        0x0 load address 0x00000000000075e2
                0x0000000020000092                _sys_mem_blocks_ptr_list_start = .
 *(SORT_BY_NAME(SORT_BY_ALIGNMENT(._sys_mem_blocks_ptr.static.*)))
                0x0000000020000092                _sys_mem_blocks_ptr_list_end = .

net_buf_pool_area
                0x0000000020000092        0x0 load address 0x00000000000075e2
                0x0000000020000092                _net_buf_pool_list_start = .
 *(SORT_BY_NAME(SORT_BY_ALIGNMENT(._net_buf_pool.static.*)))
                0x0000000020000092                _net_buf_pool_list_end = .
                0x0000000020000092                __data_region_end = .

bss             0x0000000020000098     0x26ae
                0x0000000020000098                . = ALIGN (0x4)
                0x0000000020000098                __bss_start = .
                0x0000000020000098                __kernel_ram_start = .
 *(SORT_BY_ALIGNMENT(.bss))
 *(SORT_BY_ALIGNMENT(.bss.*))
 .bss.cc_data   0x0000000020000098       0x10 zephyr/drivers/timer/libdrivers__timer.a(nrf_rtc_timer.c.obj)
 .bss.last_count
                0x00000000200000a8        0x8 zephyr/drivers/timer/libdrivers__timer.a(nrf_rtc_timer.c.obj)
 .bss.anchor    0x00000000200000b0        0x8 zephyr/drivers/timer/libdrivers__timer.a(nrf_rtc_timer.c.obj)
 .bss.z_main_thread
                0x00000000200000b8       0x70 zephyr/kernel/libkernel.a(init.c.obj)
                0x00000000200000b8                z_main_thread
 .bss.curr_tick
                0x0000000020000128        0x8 zephyr/kernel/libkernel.a(timeout.c.obj)
 .bss.FIH_SUCCESS
                0x0000000020000130        0x4 app/libapp.a(fault_injection_hardening.c.obj)
                0x0000000020000130                FIH_SUCCESS
 .bss.secondary_slot_sectors.2
                0x0000000020000134      0x400 app/libapp.a(loader.c.obj)
 .bss.primary_slot_sectors.3
                0x0000000020000534      0x400 app/libapp.a(loader.c.obj)
 .bss.buf.4     0x0000000020000934      0x400 app/libapp.a(loader.c.obj)
 .bss.boot_data
                0x0000000020000d34       0x60 app/libapp.a(loader.c.obj)
 .bss.boot_status_fails
                0x0000000020000d94        0x4 app/libapp.a(swap_move.c.obj)
                0x0000000020000d94                boot_status_fails
 .bss.cli.2     0x0000000020000d98       0x10 zephyr/drivers/clock_control/libdrivers__clock_control.a(clock_control_nrf.c.obj)
 .bss.on.3      0x0000000020000da8        0x4 zephyr/drivers/clock_control/libdrivers__clock_control.a(clock_control_nrf.c.obj)
 .bss.data      0x0000000020000dac       0x50 zephyr/drivers/clock_control/libdrivers__clock_control.a(clock_control_nrf.c.obj)
 .bss.hfclk_users
                0x0000000020000dfc        0x4 zephyr/drivers/clock_control/libdrivers__clock_control.a(clock_control_nrf.c.obj)
 .bss.dev_layout
                0x0000000020000e00        0x8 zephyr/drivers/flash/libdrivers__flash.a(soc_flash_nrf.c.obj)
 .bss.gpio_nrfx_p0_data
                0x0000000020000e08        0xc zephyr/drivers/gpio/libdrivers__gpio.a(gpio_nrfx.c.obj)
 .bss.force_isr_mask
                0x0000000020000e14        0x4 zephyr/drivers/timer/libdrivers__timer.a(nrf_rtc_timer.c.obj)
 .bss.int_mask  0x0000000020000e18        0x4 zephyr/drivers/timer/libdrivers__timer.a(nrf_rtc_timer.c.obj)
 .bss.overflow_cnt
                0x0000000020000e1c        0x4 zephyr/drivers/timer/libdrivers__timer.a(nrf_rtc_timer.c.obj)
 .bss.mbedtls_ct_zero
                0x0000000020000e20        0x4 modules/mbedtls/libmbedTLSBase.a(constant_time.c.obj)
                0x0000000020000e20                mbedtls_ct_zero
 .bss.heap      0x0000000020000e24       0x14 modules/mbedtls/libmbedTLSBase.a(memory_buffer_alloc.c.obj)
 .bss.m_clock_cb
                0x0000000020000e38        0x8 modules/hal_nordic/nrfx/libmodules__hal_nordic__nrfx.a(nrfx_clock.c.obj)
 .bss.announce_remaining
                0x0000000020000e40        0x4 zephyr/kernel/libkernel.a(timeout.c.obj)
 .bss.mempool   0x0000000020000e44     0x1800 app/libapp.a(os.c.obj)
 .bss.tmpbuf.1  0x0000000020002644      0x100 app/libapp.a(loader.c.obj)
 .bss.once.1    0x0000000020002744        0x1 zephyr/drivers/clock_control/libdrivers__clock_control.a(clock_control_nrf.c.obj)
 .bss.z_sys_post_kernel
                0x0000000020002745        0x1 zephyr/kernel/libkernel.a(init.c.obj)
                0x0000000020002745                z_sys_post_kernel
 *(SORT_BY_ALIGNMENT(COMMON))
 *(SORT_BY_ALIGNMENT(.kernel_bss.*))
                0x0000000020002748                __bss_end = ALIGN (0x4)

noinit          0x0000000020002748     0x3000
 *(SORT_BY_ALIGNMENT(.noinit))
 *(SORT_BY_ALIGNMENT(.noinit.*))
 .noinit."WEST_TOPDIR/zephyr/kernel/init.c".1
                0x0000000020002748      0x800 zephyr/kernel/libkernel.a(init.c.obj)
                0x0000000020002748                z_interrupt_stacks
 .noinit."WEST_TOPDIR/zephyr/kernel/init.c".0
                0x0000000020002f48     0x2800 zephyr/kernel/libkernel.a(init.c.obj)
                0x0000000020002f48                z_main_stack
 *(SORT_BY_ALIGNMENT(.kernel_noinit.*))
                0x0000000020010000                __kernel_ram_end = 0x20010000
                0x000000000000ff68                __kernel_ram_size = (__kernel_ram_end - __kernel_ram_start)
                0x00000000000039e0                PROVIDE (z_arm_platform_init = SystemInit)

/DISCARD/
 *(SORT_BY_ALIGNMENT(.irq_info*))
 *(SORT_BY_ALIGNMENT(.intList*))

.last_ram_section
                0x0000000020005748        0x0
                0x0000000020005748                _image_ram_end = .
                0x0000000000005748                _image_ram_size = (_image_ram_end - _image_ram_start)
                0x0000000020005748                _end = .
                0x0000000020005748                z_mapped_end = .

.stab
 *(SORT_BY_ALIGNMENT(.stab))

.stabstr
 *(SORT_BY_ALIGNMENT(.stabstr))

.stab.excl
 *(SORT_BY_ALIGNMENT(.stab.excl))

.stab.exclstr
 *(SORT_BY_ALIGNMENT(.stab.exclstr))

.stab.index
 *(SORT_BY_ALIGNMENT(.stab.index))

.stab.indexstr
 *(SORT_BY_ALIGNMENT(.stab.indexstr))

.gnu.build.attributes
 *(SORT_BY_ALIGNMENT(.gnu.build.attributes) SORT_BY_ALIGNMENT(.gnu.build.attributes.*))

.comment        0x0000000000000000       0x22
 *(SORT_BY_ALIGNMENT(.comment))
 .comment       0x0000000000000000       0x22 zephyr/CMakeFiles/zephyr_final.dir/isr_tables.c.obj
                                         0x23 (size before relaxing)
 .comment       0x0000000000000022       0x23 zephyr/CMakeFiles/offsets.dir/./arch/arm/core/offsets/offsets.c.obj
 .comment       0x0000000000000022       0x23 app/libapp.a(main.c.obj)
 .comment       0x0000000000000022       0x23 app/libapp.a(flash_map_extended.c.obj)
 .comment       0x0000000000000022       0x23 app/libapp.a(os.c.obj)
 .comment       0x0000000000000022       0x23 app/libapp.a(keys.c.obj)
 .comment       0x0000000000000022       0x23 app/libapp.a(image_validate.c.obj)
 .comment       0x0000000000000022       0x23 app/libapp.a(tlv.c.obj)
 .comment       0x0000000000000022       0x23 app/libapp.a(image_rsa.c.obj)
 .comment       0x0000000000000022       0x23 app/libapp.a(bootutil_misc.c.obj)
 .comment       0x0000000000000022       0x23 app/libapp.a(fault_injection_hardening.c.obj)
 .comment       0x0000000000000022       0x23 app/libapp.a(loader.c.obj)
 .comment       0x0000000000000022       0x23 app/libapp.a(swap_misc.c.obj)
 .comment       0x0000000000000022       0x23 app/libapp.a(swap_move.c.obj)
 .comment       0x0000000000000022       0x23 app/libapp.a(autogen-pubkey.c.obj)
 .comment       0x0000000000000022       0x23 app/libapp.a(arm_cleanup.c.obj)
 .comment       0x0000000000000022       0x23 app/libapp.a(nrf_cleanup.c.obj)
 .comment       0x0000000000000022       0x23 zephyr/libzephyr.a(printk.c.obj)
 .comment       0x0000000000000022       0x23 zephyr/libzephyr.a(cbprintf_nano.c.obj)
 .comment       0x0000000000000022       0x23 zephyr/libzephyr.a(onoff.c.obj)
 .comment       0x0000000000000022       0x23 zephyr/libzephyr.a(notify.c.obj)
 .comment       0x0000000000000022       0x23 zephyr/libzephyr.a(configs.c.obj)
 .comment       0x0000000000000022       0x23 zephyr/libzephyr.a(log_minimal.c.obj)
 .comment       0x0000000000000022       0x23 zephyr/libzephyr.a(flash_map.c.obj)